Archive member included because of file (symbol)

/opt/devkitpro/libogc/lib/wii/libgrrlib.a(GRRLIB_3D.o)
                              main.o (GRRLIB_SetBackgroundColour)
/opt/devkitpro/libogc/lib/wii/libgrrlib.a(GRRLIB_bmf.o)
                              main.o (GRRLIB_InitTileSet)
/opt/devkitpro/libogc/lib/wii/libgrrlib.a(GRRLIB_core.o)
                              /opt/devkitpro/libogc/lib/wii/libgrrlib.a(GRRLIB_3D.o) (rmode)
/opt/devkitpro/libogc/lib/wii/libgrrlib.a(GRRLIB_print.o)
                              main.o (GRRLIB_Printf)
/opt/devkitpro/libogc/lib/wii/libgrrlib.a(GRRLIB_render.o)
                              /opt/devkitpro/libogc/lib/wii/libgrrlib.a(GRRLIB_print.o) (GRRLIB_DrawTile)
/opt/devkitpro/libogc/lib/wii/libgrrlib.a(GRRLIB_texEdit.o)
                              main.o (GRRLIB_LoadTexture)
/opt/devkitpro/libogc/lib/wii/libgrrlib.a(GRRLIB_ttf.o)
                              /opt/devkitpro/libogc/lib/wii/libgrrlib.a(GRRLIB_core.o) (GRRLIB_InitTTF)
/opt/devkitpro/libogc/lib/wii/libfreetype.a(ftinit.o)
                              /opt/devkitpro/libogc/lib/wii/libgrrlib.a(GRRLIB_ttf.o) (FT_Init_FreeType)
/opt/devkitpro/libogc/lib/wii/libfreetype.a(ftbase.o)
                              /opt/devkitpro/libogc/lib/wii/libgrrlib.a(GRRLIB_ttf.o) (FT_Load_Glyph)
/opt/devkitpro/libogc/lib/wii/libfreetype.a(truetype.o)
                              /opt/devkitpro/libogc/lib/wii/libfreetype.a(ftinit.o) (tt_driver_class)
/opt/devkitpro/libogc/lib/wii/libfreetype.a(type1.o)
                              /opt/devkitpro/libogc/lib/wii/libfreetype.a(ftinit.o) (t1_driver_class)
/opt/devkitpro/libogc/lib/wii/libfreetype.a(cff.o)
                              /opt/devkitpro/libogc/lib/wii/libfreetype.a(ftinit.o) (cff_driver_class)
/opt/devkitpro/libogc/lib/wii/libfreetype.a(type1cid.o)
                              /opt/devkitpro/libogc/lib/wii/libfreetype.a(ftinit.o) (t1cid_driver_class)
/opt/devkitpro/libogc/lib/wii/libfreetype.a(pfr.o)
                              /opt/devkitpro/libogc/lib/wii/libfreetype.a(ftinit.o) (pfr_driver_class)
/opt/devkitpro/libogc/lib/wii/libfreetype.a(type42.o)
                              /opt/devkitpro/libogc/lib/wii/libfreetype.a(ftinit.o) (t42_driver_class)
/opt/devkitpro/libogc/lib/wii/libfreetype.a(winfnt.o)
                              /opt/devkitpro/libogc/lib/wii/libfreetype.a(ftinit.o) (winfnt_driver_class)
/opt/devkitpro/libogc/lib/wii/libfreetype.a(pcf.o)
                              /opt/devkitpro/libogc/lib/wii/libfreetype.a(ftinit.o) (pcf_driver_class)
/opt/devkitpro/libogc/lib/wii/libfreetype.a(bdf.o)
                              /opt/devkitpro/libogc/lib/wii/libfreetype.a(ftinit.o) (bdf_driver_class)
/opt/devkitpro/libogc/lib/wii/libfreetype.a(sfnt.o)
                              /opt/devkitpro/libogc/lib/wii/libfreetype.a(ftinit.o) (sfnt_module_class)
/opt/devkitpro/libogc/lib/wii/libfreetype.a(autofit.o)
                              /opt/devkitpro/libogc/lib/wii/libfreetype.a(ftinit.o) (autofit_module_class)
/opt/devkitpro/libogc/lib/wii/libfreetype.a(pshinter.o)
                              /opt/devkitpro/libogc/lib/wii/libfreetype.a(ftinit.o) (pshinter_module_class)
/opt/devkitpro/libogc/lib/wii/libfreetype.a(raster.o)
                              /opt/devkitpro/libogc/lib/wii/libfreetype.a(ftinit.o) (ft_raster1_renderer_class)
/opt/devkitpro/libogc/lib/wii/libfreetype.a(smooth.o)
                              /opt/devkitpro/libogc/lib/wii/libfreetype.a(ftinit.o) (ft_smooth_renderer_class)
/opt/devkitpro/libogc/lib/wii/libfreetype.a(ftgzip.o)
                              /opt/devkitpro/libogc/lib/wii/libfreetype.a(pcf.o) (FT_Stream_OpenGzip)
/opt/devkitpro/libogc/lib/wii/libfreetype.a(ftlzw.o)
                              /opt/devkitpro/libogc/lib/wii/libfreetype.a(pcf.o) (FT_Stream_OpenLZW)
/opt/devkitpro/libogc/lib/wii/libfreetype.a(psaux.o)
                              /opt/devkitpro/libogc/lib/wii/libfreetype.a(ftinit.o) (psaux_module_class)
/opt/devkitpro/libogc/lib/wii/libfreetype.a(psnames.o)
                              /opt/devkitpro/libogc/lib/wii/libfreetype.a(ftinit.o) (psnames_module_class)
/opt/devkitpro/libogc/lib/wii/libfreetype.a(ftsystem.o)
                              /opt/devkitpro/libogc/lib/wii/libfreetype.a(ftbase.o) (FT_Stream_Open)
/opt/devkitpro/libogc/lib/wii/libpngu.a(pngu.o)
                              /opt/devkitpro/libogc/lib/wii/libgrrlib.a(GRRLIB_texEdit.o) (PNGU_SelectImageFromBuffer)
/opt/devkitpro/libogc/lib/wii/libpng.a(png.o)
                              /opt/devkitpro/libogc/lib/wii/libpngu.a(pngu.o) (png_set_sig_bytes)
/opt/devkitpro/libogc/lib/wii/libpng.a(pngerror.o)
                              /opt/devkitpro/libogc/lib/wii/libpng.a(png.o) (png_safecat)
/opt/devkitpro/libogc/lib/wii/libpng.a(pngget.o)
                              /opt/devkitpro/libogc/lib/wii/libpngu.a(pngu.o) (png_get_rowbytes)
/opt/devkitpro/libogc/lib/wii/libpng.a(pngmem.o)
[...]
Memory Configuration

Name             Origin             Length             Attributes
*default*        0x00000000         0xffffffff

Linker script and memory map

                0x00003400                . = 0x3400

.stub
 *(.stub)
                0x80004000                . = 0x80004000

.init           0x80004000      0x194
 *crt0.o(*.init)
 .init          0x80004000      0x170 /opt/devkitpro/libogc/lib/wii/libogc.a(ogc_crt0.o)
                0x80004000                _start
                0x80004140                _memset
 *(.init)
 .init          0x80004170        0xc /opt/devkitpro/devkitPPC/lib/gcc/powerpc-eabi/4.6.3/ecrti.o
                0x80004170                __init
 .init          0x8000417c        0x4 /opt/devkitpro/devkitPPC/lib/gcc/powerpc-eabi/4.6.3/crtbegin.o
 .init          0x80004180        0x4 /opt/devkitpro/devkitPPC/lib/gcc/powerpc-eabi/4.6.3/crtend.o
 .init          0x80004184       0x10 /opt/devkitpro/devkitPPC/lib/gcc/powerpc-eabi/4.6.3/ecrtn.o

.rela.dyn       0x80004194        0x0
 .rela.iplt     0x00000000        0x0 /opt/devkitpro/devkitPPC/lib/gcc/powerpc-eabi/4.6.3/crtbegin.o

.plt
 *(.plt)

.interp
 *(.interp)

.hash
 *(.hash)

.dynsym
 *(.dynsym)

.dynstr
 *(.dynstr)

.gnu.version
 *(.gnu.version)

.gnu.version_d
 *(.gnu.version_d)

.gnu.version_r
 *(.gnu.version_r)

.rel.init
 *(.rel.init)

.rela.init      0x80004194        0x0
 *(.rela.init)
 .rela.init     0x00000000        0x0 /opt/devkitpro/devkitPPC/lib/gcc/powerpc-eabi/4.6.3/crtbegin.o

.rel.text
 *(.rel.text .rel.text.* .rel.gnu.linkonce.t.*)

.rela.text      0x80004194        0x0
 *(.rela.text .rela.text.* .rela.gnu.linkonce.t.*)
 .rela.text     0x00000000        0x0 /opt/devkitpro/devkitPPC/lib/gcc/powerpc-eabi/4.6.3/crtbegin.o
 .rela.text.startup.main
                0x00000000        0x0 /opt/devkitpro/devkitPPC/lib/gcc/powerpc-eabi/4.6.3/crtbegin.o
 .rela.text.GRRLIB_3dMode
                0x00000000        0x0 /opt/devkitpro/devkitPPC/lib/gcc/powerpc-eabi/4.6.3/crtbegin.o
 .rela.text.GRRLIB_2dMode
                0x00000000        0x0 /opt/devkitpro/devkitPPC/lib/gcc/powerpc-eabi/4.6.3/crtbegin.o
 .rela.text.GRRLIB_ObjectViewEnd
                0x00000000        0x0 /opt/devkitpro/devkitPPC/lib/gcc/powerpc-eabi/4.6.3/crtbegin.o
 .rela.text.GRRLIB_ObjectView
                0x00000000        0x0 /opt/devkitpro/devkitPPC/lib/gcc/powerpc-eabi/4.6.3/crtbegin.o
 .rela.text.GRRLIB_ObjectViewInv
                0x00000000        0x0 /opt/devkitpro/devkitPPC/lib/gcc/powerpc-eabi/4.6.3/crtbegin.o
 .rela.text.GRRLIB_SetTexture
                0x00000000        0x0 /opt/devkitpro/devkitPPC/lib/gcc/powerpc-eabi/4.6.3/crtbegin.o
 .rela.text.GRRLIB_DrawTorus
                0x00000000        0x0 /opt/devkitpro/devkitPPC/lib/gcc/powerpc-eabi/4.6.3/crtbegin.o
 .rela.text.GRRLIB_DrawSphere
                0x00000000        0x0 /opt/devkitpro/devkitPPC/lib/gcc/powerpc-eabi/4.6.3/crtbegin.o
 .rela.text.GRRLIB_DrawCube
                0x00000000        0x0 /opt/devkitpro/devkitPPC/lib/gcc/powerpc-eabi/4.6.3/crtbegin.o
 .rela.text.GRRLIB_DrawCylinder
                0x00000000        0x0 /opt/devkitpro/devkitPPC/lib/gcc/powerpc-eabi/4.6.3/crtbegin.o
 .rela.text.GRRLIB_DrawCone
                0x00000000        0x0 /opt/devkitpro/devkitPPC/lib/gcc/powerpc-eabi/4.6.3/crtbegin.o
 .rela.text.GRRLIB_DrawTessPanel
                0x00000000        0x0 /opt/devkitpro/devkitPPC/lib/gcc/powerpc-eabi/4.6.3/crtbegin.o
 .rela.text.GRRLIB_SetLightDiff
                0x00000000        0x0 /opt/devkitpro/devkitPPC/lib/gcc/powerpc-eabi/4.6.3/crtbegin.o
 .rela.text.GRRLIB_SetLightSpec
                0x00000000        0x0 /opt/devkitpro/devkitPPC/lib/gcc/powerpc-eabi/4.6.3/crtbegin.o
 .rela.text.GRRLIB_SetLightSpot
                0x00000000        0x0 /opt/devkitpro/devkitPPC/lib/gcc/powerpc-eabi/4.6.3/crtbegin.o
 .rela.text.GRRLIB_SetLightOff
                0x00000000        0x0 /opt/devkitpro/devkitPPC/lib/gcc/powerpc-eabi/4.6.3/crtbegin.o
 .rela.text.GRRLIB_ClipReset
                0x00000000        0x0 /opt/devkitpro/devkitPPC/lib/gcc/powerpc-eabi/4.6.3/crtbegin.o
 .rela.text.GRRLIB_GXEngine
                0x00000000        0x0 /opt/devkitpro/devkitPPC/lib/gcc/powerpc-eabi/4.6.3/crtbegin.o
 .rela.text.GRRLIB_Plot
                0x00000000        0x0 /opt/devkitpro/devkitPPC/lib/gcc/powerpc-eabi/4.6.3/crtbegin.o
 .rela.text.GRRLIB_Line
                0x00000000        0x0 /opt/devkitpro/devkitPPC/lib/gcc/powerpc-eabi/4.6.3/crtbegin.o
 .rela.text.GRRLIB_Rectangle
                0x00000000        0x0 /opt/devkitpro/devkitPPC/lib/gcc/powerpc-eabi/4.6.3/crtbegin.o
 .rela.text.GRRLIB_FillScreen
                0x00000000        0x0 /opt/devkitpro/devkitPPC/lib/gcc/powerpc-eabi/4.6.3/crtbegin.o
 .rela.text.GRRLIB_Exit
                0x00000000        0x0 /opt/devkitpro/devkitPPC/lib/gcc/powerpc-eabi/4.6.3/crtbegin.o
 .rela.text.GRRLIB_SetBlend
                0x00000000        0x0 /opt/devkitpro/devkitPPC/lib/gcc/powerpc-eabi/4.6.3/crtbegin.o
 .rela.text.GRRLIB_GetBlend
                0x00000000        0x0 /opt/devkitpro/devkitPPC/lib/gcc/powerpc-eabi/4.6.3/crtbegin.o
 .rela.text.GRRLIB_SetAntiAliasing
                0x00000000        0x0 /opt/devkitpro/devkitPPC/lib/gcc/powerpc-eabi/4.6.3/crtbegin.o
 .rela.text.GRRLIB_GetAntiAliasing
                0x00000000        0x0 /opt/devkitpro/devkitPPC/lib/gcc/powerpc-eabi/4.6.3/crtbegin.o
 .rela.text.GRRLIB_Init
                0x00000000        0x0 /opt/devkitpro/devkitPPC/lib/gcc/powerpc-eabi/4.6.3/crtbegin.o
 .rela.text.GRRLIB_PrintBMF
                0x00000000        0x0 /opt/devkitpro/devkitPPC/lib/gcc/powerpc-eabi/4.6.3/crtbegin.o
 .rela.text.GRRLIB_DrawImg
                0x00000000        0x0 /opt/devkitpro/devkitPPC/lib/gcc/powerpc-eabi/4.6.3/crtbegin.o
 .rela.text.GRRLIB_DrawImgQuad
                0x00000000        0x0 /opt/devkitpro/devkitPPC/lib/gcc/powerpc-eabi/4.6.3/crtbegin.o
 .rela.text.GRRLIB_DrawTile
                0x00000000        0x0 /opt/devkitpro/devkitPPC/lib/gcc/powerpc-eabi/4.6.3/crtbegin.o
 .rela.text.GRRLIB_DrawPart
                0x00000000        0x0 /opt/devkitpro/devkitPPC/lib/gcc/powerpc-eabi/4.6.3/crtbegin.o
 .rela.text.GRRLIB_DrawTileQuad
                0x00000000        0x0 /opt/devkitpro/devkitPPC/lib/gcc/powerpc-eabi/4.6.3/crtbegin.o
 .rela.text.GRRLIB_Render
                0x00000000        0x0 /opt/devkitpro/devkitPPC/lib/gcc/powerpc-eabi/4.6.3/crtbegin.o
 .rela.text.GRRLIB_PrintfTTFW
                0x00000000        0x0 /opt/devkitpro/devkitPPC/lib/gcc/powerpc-eabi/4.6.3/crtbegin.o
 .rela.text.png_warning
                0x00000000        0x0 /opt/devkitpro/devkitPPC/lib/gcc/powerpc-eabi/4.6.3/crtbegin.o
 .rela.text.png_error
                0x00000000        0x0 /opt/devkitpro/devkitPPC/lib/gcc/powerpc-eabi/4.6.3/crtbegin.o
 .rela.text.png_create_read_struct_2
                0x00000000        0x0 /opt/devkitpro/devkitPPC/lib/gcc/powerpc-eabi/4.6.3/crtbegin.o
 .rela.text.png_create_write_struct_2
                0x00000000        0x0 /opt/devkitpro/devkitPPC/lib/gcc/powerpc-eabi/4.6.3/crtbegin.o
 .rela.text.jpeg_stdio_src
                0x00000000        0x0 /opt/devkitpro/devkitPPC/lib/gcc/powerpc-eabi/4.6.3/crtbegin.o
 .rela.text.jpeg_mem_src
                0x00000000        0x0 /opt/devkitpro/devkitPPC/lib/gcc/powerpc-eabi/4.6.3/crtbegin.o
 .rela.text.consume_markers
                0x00000000        0x0 /opt/devkitpro/devkitPPC/lib/gcc/powerpc-eabi/4.6.3/crtbegin.o
 .rela.text.read_markers
                0x00000000        0x0 /opt/devkitpro/devkitPPC/lib/gcc/powerpc-eabi/4.6.3/crtbegin.o
 .rela.text.output_message
                0x00000000        0x0 /opt/devkitpro/devkitPPC/lib/gcc/powerpc-eabi/4.6.3/crtbegin.o
 .rela.text.arith_decode
                0x00000000        0x0 /opt/devkitpro/devkitPPC/lib/gcc/powerpc-eabi/4.6.3/crtbegin.o
 .rela.text.start_pass
                0x00000000        0x0 /opt/devkitpro/devkitPPC/lib/gcc/powerpc-eabi/4.6.3/crtbegin.o
 .rela.text.deflate_slow
                0x00000000        0x0 /opt/devkitpro/devkitPPC/lib/gcc/powerpc-eabi/4.6.3/crtbegin.o
 .rela.text.deflate_fast
                0x00000000        0x0 /opt/devkitpro/devkitPPC/lib/gcc/powerpc-eabi/4.6.3/crtbegin.o
 .rela.text.deflate
                0x00000000        0x0 /opt/devkitpro/devkitPPC/lib/gcc/powerpc-eabi/4.6.3/crtbegin.o
 .rela.text.deflateInit2_
                0x00000000        0x0 /opt/devkitpro/devkitPPC/lib/gcc/powerpc-eabi/4.6.3/crtbegin.o
 .rela.text.inflateInit2_
                0x00000000        0x0 /opt/devkitpro/devkitPPC/lib/gcc/powerpc-eabi/4.6.3/crtbegin.o
 .rela.text.fatUnmount
                0x00000000        0x0 /opt/devkitpro/devkitPPC/lib/gcc/powerpc-eabi/4.6.3/crtbegin.o
 .rela.text.fatInit
                0x00000000        0x0 /opt/devkitpro/devkitPPC/lib/gcc/powerpc-eabi/4.6.3/crtbegin.o
 .rela.text.fatGetVolumeLabel
                0x00000000        0x0 /opt/devkitpro/devkitPPC/lib/gcc/powerpc-eabi/4.6.3/crtbegin.o
 .rela.text._FAT_directory_entryGetAlias
                0x00000000        0x0 /opt/devkitpro/devkitPPC/lib/gcc/powerpc-eabi/4.6.3/crtbegin.o
 .rela.text.get_io_wiisd
                0x00000000        0x0 /opt/devkitpro/devkitPPC/lib/gcc/powerpc-eabi/4.6.3/crtbegin.o
 .rela.text.get_io_usbstorage
                0x00000000        0x0 /opt/devkitpro/devkitPPC/lib/gcc/powerpc-eabi/4.6.3/crtbegin.o
 .rela.text.get_io_gcsda
                0x00000000        0x0 /opt/devkitpro/devkitPPC/lib/gcc/powerpc-eabi/4.6.3/crtbegin.o
 .rela.text.get_io_gcsdb
                0x00000000        0x0 /opt/devkitpro/devkitPPC/lib/gcc/powerpc-eabi/4.6.3/crtbegin.o
 .rela.text.wiiuse_handshake_expansion
                0x00000000        0x0 /opt/devkitpro/devkitPPC/lib/gcc/powerpc-eabi/4.6.3/crtbegin.o
 .rela.text.wiiuse_handshake
                0x00000000        0x0 /opt/devkitpro/devkitPPC/lib/gcc/powerpc-eabi/4.6.3/crtbegin.o
 .rela.text.wiiuse_init_cmd_queue
                0x00000000        0x0 /opt/devkitpro/devkitPPC/lib/gcc/powerpc-eabi/4.6.3/crtbegin.o
 .rela.text.wiiuse_init
                0x00000000        0x0 /opt/devkitpro/devkitPPC/lib/gcc/powerpc-eabi/4.6.3/crtbegin.o
 .rela.text.bt_alarmhandler
                0x00000000        0x0 /opt/devkitpro/devkitPPC/lib/gcc/powerpc-eabi/4.6.3/crtbegin.o
 .rela.text.__lwp_thread_calcheir
                0x00000000        0x0 /opt/devkitpro/devkitPPC/lib/gcc/powerpc-eabi/4.6.3/crtbegin.o
 .rela.text.__lwp_wd_insert_ticks.constprop.4
                0x00000000        0x0 /opt/devkitpro/devkitPPC/lib/gcc/powerpc-eabi/4.6.3/crtbegin.o
 .rela.text.__lwp_rotate_readyqueue
                0x00000000        0x0 /opt/devkitpro/devkitPPC/lib/gcc/powerpc-eabi/4.6.3/crtbegin.o
 .rela.text.__lwp_thread_setpriority
                0x00000000        0x0 /opt/devkitpro/devkitPPC/lib/gcc/powerpc-eabi/4.6.3/crtbegin.o
 .rela.text.__lwp_thread_close
                0x00000000        0x0 /opt/devkitpro/devkitPPC/lib/gcc/powerpc-eabi/4.6.3/crtbegin.o
 .rela.text.__lwp_thread_closeall
                0x00000000        0x0 /opt/devkitpro/devkitPPC/lib/gcc/powerpc-eabi/4.6.3/crtbegin.o
 .rela.text.__lwp_thread_startmultitasking
                0x00000000        0x0 /opt/devkitpro/devkitPPC/lib/gcc/powerpc-eabi/4.6.3/crtbegin.o
 .rela.text.__lwp_thread_stopmultitasking
                0x00000000        0x0 /opt/devkitpro/devkitPPC/lib/gcc/powerpc-eabi/4.6.3/crtbegin.o
 .rela.text.__lwp_thread_coreinit
                0x00000000        0x0 /opt/devkitpro/devkitPPC/lib/gcc/powerpc-eabi/4.6.3/crtbegin.o
 .rela.text.__lwp_cntrl_free
                0x00000000        0x0 /opt/devkitpro/devkitPPC/lib/gcc/powerpc-eabi/4.6.3/crtbegin.o
 .rela.text.__lwp_tqueue_open
                0x00000000        0x0 /opt/devkitpro/devkitPPC/lib/gcc/powerpc-eabi/4.6.3/crtbegin.o
 .rela.text.__lwp_cntrl_open
                0x00000000        0x0 /opt/devkitpro/devkitPPC/lib/gcc/powerpc-eabi/4.6.3/crtbegin.o
 .rela.text.__lwp_sysinit
                0x00000000        0x0 /opt/devkitpro/devkitPPC/lib/gcc/powerpc-eabi/4.6.3/crtbegin.o
 .rela.text.__lwp_thread_isalive
                0x00000000        0x0 /opt/devkitpro/devkitPPC/lib/gcc/powerpc-eabi/4.6.3/crtbegin.o
 .rela.text.__lwp_thread_exists
                0x00000000        0x0 /opt/devkitpro/devkitPPC/lib/gcc/powerpc-eabi/4.6.3/crtbegin.o
 .rela.text.__lwp_thread_context
                0x00000000        0x0 /opt/devkitpro/devkitPPC/lib/gcc/powerpc-eabi/4.6.3/crtbegin.o
 .rela.text.LWP_CreateThread
                0x00000000        0x0 /opt/devkitpro/devkitPPC/lib/gcc/powerpc-eabi/4.6.3/crtbegin.o
 .rela.text.LWP_InitQueue
                0x00000000        0x0 /opt/devkitpro/devkitPPC/lib/gcc/powerpc-eabi/4.6.3/crtbegin.o
 .rela.text.LWP_CloseQueue
                0x00000000        0x0 /opt/devkitpro/devkitPPC/lib/gcc/powerpc-eabi/4.6.3/crtbegin.o
 .rela.text.__lwp_stack_allocate
                0x00000000        0x0 /opt/devkitpro/devkitPPC/lib/gcc/powerpc-eabi/4.6.3/crtbegin.o
 .rela.text.__lwp_stack_free
                0x00000000        0x0 /opt/devkitpro/devkitPPC/lib/gcc/powerpc-eabi/4.6.3/crtbegin.o
 .rela.text.__lwp_watchdog_init
                0x00000000        0x0 /opt/devkitpro/devkitPPC/lib/gcc/powerpc-eabi/4.6.3/crtbegin.o
 .rela.text.__lwp_wd_tickle
                0x00000000        0x0 /opt/devkitpro/devkitPPC/lib/gcc/powerpc-eabi/4.6.3/crtbegin.o
 .rela.text.__lwp_wkspace_heapfree
                0x00000000        0x0 /opt/devkitpro/devkitPPC/lib/gcc/powerpc-eabi/4.6.3/crtbegin.o
 .rela.text.__lwp_wkspace_heapused
                0x00000000        0x0 /opt/devkitpro/devkitPPC/lib/gcc/powerpc-eabi/4.6.3/crtbegin.o
 .rela.text.__lwp_wkspace_init
                0x00000000        0x0 /opt/devkitpro/devkitPPC/lib/gcc/powerpc-eabi/4.6.3/crtbegin.o
 .rela.text.__lwp_objmgr_initinfo
                0x00000000        0x0 /opt/devkitpro/devkitPPC/lib/gcc/powerpc-eabi/4.6.3/crtbegin.o
 .rela.text.__irq_init
                0x00000000        0x0 /opt/devkitpro/devkitPPC/lib/gcc/powerpc-eabi/4.6.3/crtbegin.o
 .rela.text.__lwp_mutex_locksupp.constprop.7
                0x00000000        0x0 /opt/devkitpro/devkitPPC/lib/gcc/powerpc-eabi/4.6.3/crtbegin.o
 .rela.text.__lwp_mutex_init
                0x00000000        0x0 /opt/devkitpro/devkitPPC/lib/gcc/powerpc-eabi/4.6.3/crtbegin.o
 .rela.text.LWP_MutexInit
                0x00000000        0x0 /opt/devkitpro/devkitPPC/lib/gcc/powerpc-eabi/4.6.3/crtbegin.o
 .rela.text.LWP_MutexDestroy
                0x00000000        0x0 /opt/devkitpro/devkitPPC/lib/gcc/powerpc-eabi/4.6.3/crtbegin.o
 .rela.text.LWP_MutexUnlock
                0x00000000        0x0 /opt/devkitpro/devkitPPC/lib/gcc/powerpc-eabi/4.6.3/crtbegin.o
 .rela.text.__call_resetfuncs
                0x00000000        0x0 /opt/devkitpro/devkitPPC/lib/gcc/powerpc-eabi/4.6.3/crtbegin.o
 .rela.text.__locksram
                0x00000000        0x0 /opt/devkitpro/devkitPPC/lib/gcc/powerpc-eabi/4.6.3/crtbegin.o
 .rela.text.__lwp_wd_insert_ticks
                0x00000000        0x0 /opt/devkitpro/devkitPPC/lib/gcc/powerpc-eabi/4.6.3/crtbegin.o
 .rela.text.__unlocksram
                0x00000000        0x0 /opt/devkitpro/devkitPPC/lib/gcc/powerpc-eabi/4.6.3/crtbegin.o
 .rela.text.__sram_writecallback
                0x00000000        0x0 /opt/devkitpro/devkitPPC/lib/gcc/powerpc-eabi/4.6.3/crtbegin.o
 .rela.text.__sram_init
                0x00000000        0x0 /opt/devkitpro/devkitPPC/lib/gcc/powerpc-eabi/4.6.3/crtbegin.o
 .rela.text.__SYS_SyncSram
                0x00000000        0x0 /opt/devkitpro/devkitPPC/lib/gcc/powerpc-eabi/4.6.3/crtbegin.o
 .rela.text.SYS_Init
                0x00000000        0x0 /opt/devkitpro/devkitPPC/lib/gcc/powerpc-eabi/4.6.3/crtbegin.o
 .rela.text.SYS_RemoveAlarm
                0x00000000        0x0 /opt/devkitpro/devkitPPC/lib/gcc/powerpc-eabi/4.6.3/crtbegin.o
 .rela.text.SYS_CancelAlarm
                0x00000000        0x0 /opt/devkitpro/devkitPPC/lib/gcc/powerpc-eabi/4.6.3/crtbegin.o
 .rela.text.__lwp_cond_open
                0x00000000        0x0 /opt/devkitpro/devkitPPC/lib/gcc/powerpc-eabi/4.6.3/crtbegin.o
 .rela.text.__lwp_cond_init
                0x00000000        0x0 /opt/devkitpro/devkitPPC/lib/gcc/powerpc-eabi/4.6.3/crtbegin.o
 .rela.text.LWP_CondInit
                0x00000000        0x0 /opt/devkitpro/devkitPPC/lib/gcc/powerpc-eabi/4.6.3/crtbegin.o
 .rela.text.LWP_CondDestroy
                0x00000000        0x0 /opt/devkitpro/devkitPPC/lib/gcc/powerpc-eabi/4.6.3/crtbegin.o
 .rela.text.__GX_FifoLink
                0x00000000        0x0 /opt/devkitpro/devkitPPC/lib/gcc/powerpc-eabi/4.6.3/crtbegin.o
 .rela.text.__GX_WriteFifoIntEnable
                0x00000000        0x0 /opt/devkitpro/devkitPPC/lib/gcc/powerpc-eabi/4.6.3/crtbegin.o
 .rela.text.__GX_FifoReadEnable
                0x00000000        0x0 /opt/devkitpro/devkitPPC/lib/gcc/powerpc-eabi/4.6.3/crtbegin.o
 .rela.text.__GX_FifoReadDisable
                0x00000000        0x0 /opt/devkitpro/devkitPPC/lib/gcc/powerpc-eabi/4.6.3/crtbegin.o
 .rela.text.__GX_InitRevBits
                0x00000000        0x0 /opt/devkitpro/devkitPPC/lib/gcc/powerpc-eabi/4.6.3/crtbegin.o
 .rela.text.__GXDefTexRegionCallback
                0x00000000        0x0 /opt/devkitpro/devkitPPC/lib/gcc/powerpc-eabi/4.6.3/crtbegin.o
 .rela.text.__GXDefTlutRegionCallback
                0x00000000        0x0 /opt/devkitpro/devkitPPC/lib/gcc/powerpc-eabi/4.6.3/crtbegin.o
 .rela.text.__GX_FlushTextureState
                0x00000000        0x0 /opt/devkitpro/devkitPPC/lib/gcc/powerpc-eabi/4.6.3/crtbegin.o
 .rela.text.__SetSURegs
                0x00000000        0x0 /opt/devkitpro/devkitPPC/lib/gcc/powerpc-eabi/4.6.3/crtbegin.o
 .rela.text.__SETVCDFMT
                0x00000000        0x0 /opt/devkitpro/devkitPPC/lib/gcc/powerpc-eabi/4.6.3/crtbegin.o
 .rela.text.__GX_SetMatrixIndex
                0x00000000        0x0 /opt/devkitpro/devkitPPC/lib/gcc/powerpc-eabi/4.6.3/crtbegin.o
 .rela.text.__GX_SetDirtyState
                0x00000000        0x0 /opt/devkitpro/devkitPPC/lib/gcc/powerpc-eabi/4.6.3/crtbegin.o
 .rela.text.__SETVCDATTR
                0x00000000        0x0 /opt/devkitpro/devkitPPC/lib/gcc/powerpc-eabi/4.6.3/crtbegin.o
 .rela.text.__GX_WriteFifoIntReset.constprop.6
                0x00000000        0x0 /opt/devkitpro/devkitPPC/lib/gcc/powerpc-eabi/4.6.3/crtbegin.o
 .rela.text.__GXCPInterruptHandler
                0x00000000        0x0 /opt/devkitpro/devkitPPC/lib/gcc/powerpc-eabi/4.6.3/crtbegin.o
 .rela.text.GX_Flush
                0x00000000        0x0 /opt/devkitpro/devkitPPC/lib/gcc/powerpc-eabi/4.6.3/crtbegin.o
 .rela.text.GX_EnableBreakPt
                0x00000000        0x0 /opt/devkitpro/devkitPPC/lib/gcc/powerpc-eabi/4.6.3/crtbegin.o
 .rela.text.GX_DisableBreakPt
                0x00000000        0x0 /opt/devkitpro/devkitPPC/lib/gcc/powerpc-eabi/4.6.3/crtbegin.o
 .rela.text.GX_AbortFrame
                0x00000000        0x0 /opt/devkitpro/devkitPPC/lib/gcc/powerpc-eabi/4.6.3/crtbegin.o
 .rela.text.GX_PixModeSync
                0x00000000        0x0 /opt/devkitpro/devkitPPC/lib/gcc/powerpc-eabi/4.6.3/crtbegin.o
 .rela.text.GX_SetMisc
                0x00000000        0x0 /opt/devkitpro/devkitPPC/lib/gcc/powerpc-eabi/4.6.3/crtbegin.o
 .rela.text.GX_SetCopyClamp
                0x00000000        0x0 /opt/devkitpro/devkitPPC/lib/gcc/powerpc-eabi/4.6.3/crtbegin.o
 .rela.text.GX_SetDispCopyGamma
                0x00000000        0x0 /opt/devkitpro/devkitPPC/lib/gcc/powerpc-eabi/4.6.3/crtbegin.o
 .rela.text.GX_SetDispCopyFrame2Field
                0x00000000        0x0 /opt/devkitpro/devkitPPC/lib/gcc/powerpc-eabi/4.6.3/crtbegin.o
 .rela.text.GX_SetDispCopyYScale
                0x00000000        0x0 /opt/devkitpro/devkitPPC/lib/gcc/powerpc-eabi/4.6.3/crtbegin.o
 .rela.text.GX_SetDispCopyDst
                0x00000000        0x0 /opt/devkitpro/devkitPPC/lib/gcc/powerpc-eabi/4.6.3/crtbegin.o
 .rela.text.GX_SetDispCopySrc
                0x00000000        0x0 /opt/devkitpro/devkitPPC/lib/gcc/powerpc-eabi/4.6.3/crtbegin.o
 .rela.text.GX_CopyDisp
                0x00000000        0x0 /opt/devkitpro/devkitPPC/lib/gcc/powerpc-eabi/4.6.3/crtbegin.o
 .rela.text.GX_CopyTex
                0x00000000        0x0 /opt/devkitpro/devkitPPC/lib/gcc/powerpc-eabi/4.6.3/crtbegin.o
 .rela.text.GX_SetTexCopySrc
                0x00000000        0x0 /opt/devkitpro/devkitPPC/lib/gcc/powerpc-eabi/4.6.3/crtbegin.o
 .rela.text.GX_SetTexCopyDst
                0x00000000        0x0 /opt/devkitpro/devkitPPC/lib/gcc/powerpc-eabi/4.6.3/crtbegin.o
 .rela.text.GX_BeginDispList
                0x00000000        0x0 /opt/devkitpro/devkitPPC/lib/gcc/powerpc-eabi/4.6.3/crtbegin.o
 .rela.text.GX_EndDispList
                0x00000000        0x0 /opt/devkitpro/devkitPPC/lib/gcc/powerpc-eabi/4.6.3/crtbegin.o
 .rela.text.GX_CallDispList
                0x00000000        0x0 /opt/devkitpro/devkitPPC/lib/gcc/powerpc-eabi/4.6.3/crtbegin.o
 .rela.text.GX_SetChanCtrl
                0x00000000        0x0 /opt/devkitpro/devkitPPC/lib/gcc/powerpc-eabi/4.6.3/crtbegin.o
 .rela.text.GX_SetChanAmbColor
                0x00000000        0x0 /opt/devkitpro/devkitPPC/lib/gcc/powerpc-eabi/4.6.3/crtbegin.o
 .rela.text.GX_SetChanMatColor
                0x00000000        0x0 /opt/devkitpro/devkitPPC/lib/gcc/powerpc-eabi/4.6.3/crtbegin.o
 .rela.text.GX_SetVtxDesc
                0x00000000        0x0 /opt/devkitpro/devkitPPC/lib/gcc/powerpc-eabi/4.6.3/crtbegin.o
 .rela.text.GX_SetVtxDescv
                0x00000000        0x0 /opt/devkitpro/devkitPPC/lib/gcc/powerpc-eabi/4.6.3/crtbegin.o
 .rela.text.GX_GetVtxDescv
                0x00000000        0x0 /opt/devkitpro/devkitPPC/lib/gcc/powerpc-eabi/4.6.3/crtbegin.o
 .rela.text.GX_SetVtxAttrFmt
                0x00000000        0x0 /opt/devkitpro/devkitPPC/lib/gcc/powerpc-eabi/4.6.3/crtbegin.o
 .rela.text.GX_SetVtxAttrFmtv
                0x00000000        0x0 /opt/devkitpro/devkitPPC/lib/gcc/powerpc-eabi/4.6.3/crtbegin.o
 .rela.text.GX_Begin
                0x00000000        0x0 /opt/devkitpro/devkitPPC/lib/gcc/powerpc-eabi/4.6.3/crtbegin.o
 .rela.text.GX_SetTexCoordGen2
                0x00000000        0x0 /opt/devkitpro/devkitPPC/lib/gcc/powerpc-eabi/4.6.3/crtbegin.o
 .rela.text.GX_SetCurrentMtx
                0x00000000        0x0 /opt/devkitpro/devkitPPC/lib/gcc/powerpc-eabi/4.6.3/crtbegin.o
 .rela.text.GX_SetNumTexGens
                0x00000000        0x0 /opt/devkitpro/devkitPPC/lib/gcc/powerpc-eabi/4.6.3/crtbegin.o
 .rela.text.GX_SetZMode
                0x00000000        0x0 /opt/devkitpro/devkitPPC/lib/gcc/powerpc-eabi/4.6.3/crtbegin.o
 .rela.text.GX_LoadTexObjPreloaded
                0x00000000        0x0 /opt/devkitpro/devkitPPC/lib/gcc/powerpc-eabi/4.6.3/crtbegin.o
 .rela.text.GX_SetTexCoordScaleManually
                0x00000000        0x0 /opt/devkitpro/devkitPPC/lib/gcc/powerpc-eabi/4.6.3/crtbegin.o
 .rela.text.GX_SetTexCoordCylWrap
                0x00000000        0x0 /opt/devkitpro/devkitPPC/lib/gcc/powerpc-eabi/4.6.3/crtbegin.o
 .rela.text.GX_SetTexCoordBias
                0x00000000        0x0 /opt/devkitpro/devkitPPC/lib/gcc/powerpc-eabi/4.6.3/crtbegin.o
 .rela.text.GX_SetBlendMode
                0x00000000        0x0 /opt/devkitpro/devkitPPC/lib/gcc/powerpc-eabi/4.6.3/crtbegin.o
 .rela.text.GX_ClearVtxDesc
                0x00000000        0x0 /opt/devkitpro/devkitPPC/lib/gcc/powerpc-eabi/4.6.3/crtbegin.o
 .rela.text.GX_SetLineWidth
                0x00000000        0x0 /opt/devkitpro/devkitPPC/lib/gcc/powerpc-eabi/4.6.3/crtbegin.o
 .rela.text.GX_SetPointSize
                0x00000000        0x0 /opt/devkitpro/devkitPPC/lib/gcc/powerpc-eabi/4.6.3/crtbegin.o
 .rela.text.GX_SetTevColorIn
                0x00000000        0x0 /opt/devkitpro/devkitPPC/lib/gcc/powerpc-eabi/4.6.3/crtbegin.o
 .rela.text.GX_SetTevAlphaIn
                0x00000000        0x0 /opt/devkitpro/devkitPPC/lib/gcc/powerpc-eabi/4.6.3/crtbegin.o
 .rela.text.GX_SetTevColorOp
                0x00000000        0x0 /opt/devkitpro/devkitPPC/lib/gcc/powerpc-eabi/4.6.3/crtbegin.o
 .rela.text.GX_SetTevAlphaOp
                0x00000000        0x0 /opt/devkitpro/devkitPPC/lib/gcc/powerpc-eabi/4.6.3/crtbegin.o
 .rela.text.GX_SetCullMode
                0x00000000        0x0 /opt/devkitpro/devkitPPC/lib/gcc/powerpc-eabi/4.6.3/crtbegin.o
 .rela.text.GX_SetCoPlanar
                0x00000000        0x0 /opt/devkitpro/devkitPPC/lib/gcc/powerpc-eabi/4.6.3/crtbegin.o
 .rela.text.GX_EnableTexOffsets
                0x00000000        0x0 /opt/devkitpro/devkitPPC/lib/gcc/powerpc-eabi/4.6.3/crtbegin.o
 .rela.text.GX_SetScissor
                0x00000000        0x0 /opt/devkitpro/devkitPPC/lib/gcc/powerpc-eabi/4.6.3/crtbegin.o
 .rela.text.GX_SetNumChans
                0x00000000        0x0 /opt/devkitpro/devkitPPC/lib/gcc/powerpc-eabi/4.6.3/crtbegin.o
 .rela.text.GX_SetTevOrder
                0x00000000        0x0 /opt/devkitpro/devkitPPC/lib/gcc/powerpc-eabi/4.6.3/crtbegin.o
 .rela.text.GX_SetNumTevStages
                0x00000000        0x0 /opt/devkitpro/devkitPPC/lib/gcc/powerpc-eabi/4.6.3/crtbegin.o
 .rela.text.GX_SetTevKColorSel
                0x00000000        0x0 /opt/devkitpro/devkitPPC/lib/gcc/powerpc-eabi/4.6.3/crtbegin.o
 .rela.text.GX_SetTevKAlphaSel
                0x00000000        0x0 /opt/devkitpro/devkitPPC/lib/gcc/powerpc-eabi/4.6.3/crtbegin.o
 .rela.text.GX_SetTevSwapMode
                0x00000000        0x0 /opt/devkitpro/devkitPPC/lib/gcc/powerpc-eabi/4.6.3/crtbegin.o
 .rela.text.GX_SetTevSwapModeTable
                0x00000000        0x0 /opt/devkitpro/devkitPPC/lib/gcc/powerpc-eabi/4.6.3/crtbegin.o
 .rela.text.GX_SetNumIndStages
                0x00000000        0x0 /opt/devkitpro/devkitPPC/lib/gcc/powerpc-eabi/4.6.3/crtbegin.o
 .rela.text.GX_SetIndTexCoordScale
                0x00000000        0x0 /opt/devkitpro/devkitPPC/lib/gcc/powerpc-eabi/4.6.3/crtbegin.o
 .rela.text.GX_SetColorUpdate
                0x00000000        0x0 /opt/devkitpro/devkitPPC/lib/gcc/powerpc-eabi/4.6.3/crtbegin.o
 .rela.text.GX_SetAlphaUpdate
                0x00000000        0x0 /opt/devkitpro/devkitPPC/lib/gcc/powerpc-eabi/4.6.3/crtbegin.o
 .rela.text.GX_SetZCompLoc
                0x00000000        0x0 /opt/devkitpro/devkitPPC/lib/gcc/powerpc-eabi/4.6.3/crtbegin.o
 .rela.text.GX_SetPixelFmt
                0x00000000        0x0 /opt/devkitpro/devkitPPC/lib/gcc/powerpc-eabi/4.6.3/crtbegin.o
 .rela.text.GX_SetDither
                0x00000000        0x0 /opt/devkitpro/devkitPPC/lib/gcc/powerpc-eabi/4.6.3/crtbegin.o
 .rela.text.GX_SetDstAlpha
                0x00000000        0x0 /opt/devkitpro/devkitPPC/lib/gcc/powerpc-eabi/4.6.3/crtbegin.o
 .rela.text.GX_SetFieldMode
                0x00000000        0x0 /opt/devkitpro/devkitPPC/lib/gcc/powerpc-eabi/4.6.3/crtbegin.o
 .rela.text.GX_SetIndTexOrder
                0x00000000        0x0 /opt/devkitpro/devkitPPC/lib/gcc/powerpc-eabi/4.6.3/crtbegin.o
 .rela.text.GX_SetGPMetric
                0x00000000        0x0 /opt/devkitpro/devkitPPC/lib/gcc/powerpc-eabi/4.6.3/crtbegin.o
 .rela.text.GX_Init
                0x00000000        0x0 /opt/devkitpro/devkitPPC/lib/gcc/powerpc-eabi/4.6.3/crtbegin.o
 .rela.text.GX_ReadGPMetric
                0x00000000        0x0 /opt/devkitpro/devkitPPC/lib/gcc/powerpc-eabi/4.6.3/crtbegin.o
 .rela.text.c_decrementer_handler
                0x00000000        0x0 /opt/devkitpro/devkitPPC/lib/gcc/powerpc-eabi/4.6.3/crtbegin.o
 .rela.text.__lwp_mqbox_free
                0x00000000        0x0 /opt/devkitpro/devkitPPC/lib/gcc/powerpc-eabi/4.6.3/crtbegin.o
 .rela.text.__lwp_mqbox_open
                0x00000000        0x0 /opt/devkitpro/devkitPPC/lib/gcc/powerpc-eabi/4.6.3/crtbegin.o
 .rela.text.__lwp_mqbox_init
                0x00000000        0x0 /opt/devkitpro/devkitPPC/lib/gcc/powerpc-eabi/4.6.3/crtbegin.o
 .rela.text.MQ_Init
                0x00000000        0x0 /opt/devkitpro/devkitPPC/lib/gcc/powerpc-eabi/4.6.3/crtbegin.o
 .rela.text.__ios_ioctlvformat_parse
                0x00000000        0x0 /opt/devkitpro/devkitPPC/lib/gcc/powerpc-eabi/4.6.3/crtbegin.o
 .rela.text.__ioctlvfmtCB
                0x00000000        0x0 /opt/devkitpro/devkitPPC/lib/gcc/powerpc-eabi/4.6.3/crtbegin.o
 .rela.text.IOS_IoctlvFormat
                0x00000000        0x0 /opt/devkitpro/devkitPPC/lib/gcc/powerpc-eabi/4.6.3/crtbegin.o
 .rela.text.IOS_IoctlvFormatAsync
                0x00000000        0x0 /opt/devkitpro/devkitPPC/lib/gcc/powerpc-eabi/4.6.3/crtbegin.o
 .rela.text.nanosleep
                0x00000000        0x0 /opt/devkitpro/devkitPPC/lib/gcc/powerpc-eabi/4.6.3/crtbegin.o
 .rela.text.__libc_delete_hook
                0x00000000        0x0 /opt/devkitpro/devkitPPC/lib/gcc/powerpc-eabi/4.6.3/crtbegin.o
 .rela.text.__libc_init
                0x00000000        0x0 /opt/devkitpro/devkitPPC/lib/gcc/powerpc-eabi/4.6.3/crtbegin.o
 .rela.text.__libc_wrapup
                0x00000000        0x0 /opt/devkitpro/devkitPPC/lib/gcc/powerpc-eabi/4.6.3/crtbegin.o
 .rela.text.__CheckARGV
                0x00000000        0x0 /opt/devkitpro/devkitPPC/lib/gcc/powerpc-eabi/4.6.3/crtbegin.o
 .rela.text.__lwp_priority_init
                0x00000000        0x0 /opt/devkitpro/devkitPPC/lib/gcc/powerpc-eabi/4.6.3/crtbegin.o
 .rela.text.__lwp_wd_remove_ticks
                0x00000000        0x0 /opt/devkitpro/devkitPPC/lib/gcc/powerpc-eabi/4.6.3/crtbegin.o
 .rela.text.__lwp_threadqueue_enqueue
                0x00000000        0x0 /opt/devkitpro/devkitPPC/lib/gcc/powerpc-eabi/4.6.3/crtbegin.o
 .rela.text.__lwpmq_initialize
                0x00000000        0x0 /opt/devkitpro/devkitPPC/lib/gcc/powerpc-eabi/4.6.3/crtbegin.o
 .rela.text.__lwpmq_close
                0x00000000        0x0 /opt/devkitpro/devkitPPC/lib/gcc/powerpc-eabi/4.6.3/crtbegin.o
 .rela.text.__systemcall_init
                0x00000000        0x0 /opt/devkitpro/devkitPPC/lib/gcc/powerpc-eabi/4.6.3/crtbegin.o
 .rela.text.__exception_init
                0x00000000        0x0 /opt/devkitpro/devkitPPC/lib/gcc/powerpc-eabi/4.6.3/crtbegin.o
 .rela.text.__exception_close
                0x00000000        0x0 /opt/devkitpro/devkitPPC/lib/gcc/powerpc-eabi/4.6.3/crtbegin.o
 .rela.text.__exception_sethandler
                0x00000000        0x0 /opt/devkitpro/devkitPPC/lib/gcc/powerpc-eabi/4.6.3/crtbegin.o
 .rela.text.__lwp_sema_open
                0x00000000        0x0 /opt/devkitpro/devkitPPC/lib/gcc/powerpc-eabi/4.6.3/crtbegin.o
 .rela.text.__lwp_sema_init
                0x00000000        0x0 /opt/devkitpro/devkitPPC/lib/gcc/powerpc-eabi/4.6.3/crtbegin.o
 .rela.text.LWP_SemInit
                0x00000000        0x0 /opt/devkitpro/devkitPPC/lib/gcc/powerpc-eabi/4.6.3/crtbegin.o
 .rela.text.LWP_SemDestroy
                0x00000000        0x0 /opt/devkitpro/devkitPPC/lib/gcc/powerpc-eabi/4.6.3/crtbegin.o
 .rela.text.kprintf
                0x00000000        0x0 /opt/devkitpro/devkitPPC/lib/gcc/powerpc-eabi/4.6.3/crtbegin.o
 .rela.text.__card_readcid
                0x00000000        0x0 /opt/devkitpro/devkitPPC/lib/gcc/powerpc-eabi/4.6.3/crtbegin.o
 .rela.text.__card_readcsd
                0x00000000        0x0 /opt/devkitpro/devkitPPC/lib/gcc/powerpc-eabi/4.6.3/crtbegin.o
 .rela.text.__card_sd_status
                0x00000000        0x0 /opt/devkitpro/devkitPPC/lib/gcc/powerpc-eabi/4.6.3/crtbegin.o
 .rela.text.sdgecko_initIO
                0x00000000        0x0 /opt/devkitpro/devkitPPC/lib/gcc/powerpc-eabi/4.6.3/crtbegin.o
 .rela.text.__console_init
                0x00000000        0x0 /opt/devkitpro/devkitPPC/lib/gcc/powerpc-eabi/4.6.3/crtbegin.o
 .rela.text.__console_init_ex
                0x00000000        0x0 /opt/devkitpro/devkitPPC/lib/gcc/powerpc-eabi/4.6.3/crtbegin.o
 .rela.text.CON_EnableGecko
                0x00000000        0x0 /opt/devkitpro/devkitPPC/lib/gcc/powerpc-eabi/4.6.3/crtbegin.o
 .rela.text.atangent
                0x00000000        0x0 /opt/devkitpro/devkitPPC/lib/gcc/powerpc-eabi/4.6.3/crtbegin.o
 .rela.text.atangentf
                0x00000000        0x0 /opt/devkitpro/devkitPPC/lib/gcc/powerpc-eabi/4.6.3/crtbegin.o
 .rela.text.sinef
                0x00000000        0x0 /opt/devkitpro/devkitPPC/lib/gcc/powerpc-eabi/4.6.3/crtbegin.o
 .rela.text.sqrtf
                0x00000000        0x0 /opt/devkitpro/devkitPPC/lib/gcc/powerpc-eabi/4.6.3/crtbegin.o
 .rela.text.tanf
                0x00000000        0x0 /opt/devkitpro/devkitPPC/lib/gcc/powerpc-eabi/4.6.3/crtbegin.o
 .rela.text.calloc
                0x00000000        0x0 /opt/devkitpro/devkitPPC/lib/gcc/powerpc-eabi/4.6.3/crtbegin.o
 .rela.text.__errno
                0x00000000        0x0 /opt/devkitpro/devkitPPC/lib/gcc/powerpc-eabi/4.6.3/crtbegin.o
 .rela.text.exit
                0x00000000        0x0 /opt/devkitpro/devkitPPC/lib/gcc/powerpc-eabi/4.6.3/crtbegin.o
 .rela.text.fclose
                0x00000000        0x0 /opt/devkitpro/devkitPPC/lib/gcc/powerpc-eabi/4.6.3/crtbegin.o
 .rela.text.fflush
                0x00000000        0x0 /opt/devkitpro/devkitPPC/lib/gcc/powerpc-eabi/4.6.3/crtbegin.o
 .rela.text.std.isra.0
                0x00000000        0x0 /opt/devkitpro/devkitPPC/lib/gcc/powerpc-eabi/4.6.3/crtbegin.o
 .rela.text._cleanup
                0x00000000        0x0 /opt/devkitpro/devkitPPC/lib/gcc/powerpc-eabi/4.6.3/crtbegin.o
 .rela.text.__sfp
                0x00000000        0x0 /opt/devkitpro/devkitPPC/lib/gcc/powerpc-eabi/4.6.3/crtbegin.o
 .rela.text.__fp_lock_all
                0x00000000        0x0 /opt/devkitpro/devkitPPC/lib/gcc/powerpc-eabi/4.6.3/crtbegin.o
 .rela.text.__fp_unlock_all
                0x00000000        0x0 /opt/devkitpro/devkitPPC/lib/gcc/powerpc-eabi/4.6.3/crtbegin.o
 .rela.text._fopen_r
                0x00000000        0x0 /opt/devkitpro/devkitPPC/lib/gcc/powerpc-eabi/4.6.3/crtbegin.o
 .rela.text.fopen
                0x00000000        0x0 /opt/devkitpro/devkitPPC/lib/gcc/powerpc-eabi/4.6.3/crtbegin.o
 .rela.text.fprintf
                0x00000000        0x0 /opt/devkitpro/devkitPPC/lib/gcc/powerpc-eabi/4.6.3/crtbegin.o
 .rela.text.fputc
                0x00000000        0x0 /opt/devkitpro/devkitPPC/lib/gcc/powerpc-eabi/4.6.3/crtbegin.o
 .rela.text.fputs
                0x00000000        0x0 /opt/devkitpro/devkitPPC/lib/gcc/powerpc-eabi/4.6.3/crtbegin.o
 .rela.text.fread
                0x00000000        0x0 /opt/devkitpro/devkitPPC/lib/gcc/powerpc-eabi/4.6.3/crtbegin.o
 .rela.text._malloc_trim_r
                0x00000000        0x0 /opt/devkitpro/devkitPPC/lib/gcc/powerpc-eabi/4.6.3/crtbegin.o
 .rela.text._free_r
                0x00000000        0x0 /opt/devkitpro/devkitPPC/lib/gcc/powerpc-eabi/4.6.3/crtbegin.o
 .rela.text._fseek_r
                0x00000000        0x0 /opt/devkitpro/devkitPPC/lib/gcc/powerpc-eabi/4.6.3/crtbegin.o
 .rela.text.fseek
                0x00000000        0x0 /opt/devkitpro/devkitPPC/lib/gcc/powerpc-eabi/4.6.3/crtbegin.o
 .rela.text.ftell
                0x00000000        0x0 /opt/devkitpro/devkitPPC/lib/gcc/powerpc-eabi/4.6.3/crtbegin.o
 .rela.text.fwrite
                0x00000000        0x0 /opt/devkitpro/devkitPPC/lib/gcc/powerpc-eabi/4.6.3/crtbegin.o
 .rela.text._findenv
                0x00000000        0x0 /opt/devkitpro/devkitPPC/lib/gcc/powerpc-eabi/4.6.3/crtbegin.o
 .rela.text.getenv
                0x00000000        0x0 /opt/devkitpro/devkitPPC/lib/gcc/powerpc-eabi/4.6.3/crtbegin.o
 .rela.text._findenv_r
                0x00000000        0x0 /opt/devkitpro/devkitPPC/lib/gcc/powerpc-eabi/4.6.3/crtbegin.o
 .rela.text.gmtime
                0x00000000        0x0 /opt/devkitpro/devkitPPC/lib/gcc/powerpc-eabi/4.6.3/crtbegin.o
 .rela.text.loadlocale
                0x00000000        0x0 /opt/devkitpro/devkitPPC/lib/gcc/powerpc-eabi/4.6.3/crtbegin.o
 .rela.text.__smakebuf_r
                0x00000000        0x0 /opt/devkitpro/devkitPPC/lib/gcc/powerpc-eabi/4.6.3/crtbegin.o
 .rela.text._mbrtowc_r
                0x00000000        0x0 /opt/devkitpro/devkitPPC/lib/gcc/powerpc-eabi/4.6.3/crtbegin.o
 .rela.text.mbrtowc
                0x00000000        0x0 /opt/devkitpro/devkitPPC/lib/gcc/powerpc-eabi/4.6.3/crtbegin.o
 .rela.text._mbstowcs_r
                0x00000000        0x0 /opt/devkitpro/devkitPPC/lib/gcc/powerpc-eabi/4.6.3/crtbegin.o
 .rela.text.mktime
                0x00000000        0x0 /opt/devkitpro/devkitPPC/lib/gcc/powerpc-eabi/4.6.3/crtbegin.o
 .rela.text._mktm_r
                0x00000000        0x0 /opt/devkitpro/devkitPPC/lib/gcc/powerpc-eabi/4.6.3/crtbegin.o
 .rela.text.sscanf
                0x00000000        0x0 /opt/devkitpro/devkitPPC/lib/gcc/powerpc-eabi/4.6.3/crtbegin.o
 .rela.text._sscanf_r
                0x00000000        0x0 /opt/devkitpro/devkitPPC/lib/gcc/powerpc-eabi/4.6.3/crtbegin.o
 .rela.text._strtod_r
                0x00000000        0x0 /opt/devkitpro/devkitPPC/lib/gcc/powerpc-eabi/4.6.3/crtbegin.o
 .rela.text._wcrtomb_r
                0x00000000        0x0 /opt/devkitpro/devkitPPC/lib/gcc/powerpc-eabi/4.6.3/crtbegin.o
 .rela.text.wcrtomb
                0x00000000        0x0 /opt/devkitpro/devkitPPC/lib/gcc/powerpc-eabi/4.6.3/crtbegin.o
 .rela.text.wctob
                0x00000000        0x0 /opt/devkitpro/devkitPPC/lib/gcc/powerpc-eabi/4.6.3/crtbegin.o
 .rela.text._dtoa_r
                0x00000000        0x0 /opt/devkitpro/devkitPPC/lib/gcc/powerpc-eabi/4.6.3/crtbegin.o
 .rela.text.__hexdig_init
                0x00000000        0x0 /opt/devkitpro/devkitPPC/lib/gcc/powerpc-eabi/4.6.3/crtbegin.o
 .rela.text.__gethex
                0x00000000        0x0 /opt/devkitpro/devkitPPC/lib/gcc/powerpc-eabi/4.6.3/crtbegin.o
 .rela.text.__hexnan
                0x00000000        0x0 /opt/devkitpro/devkitPPC/lib/gcc/powerpc-eabi/4.6.3/crtbegin.o

.rel.fini
 *(.rel.fini)

.rela.fini
 *(.rela.fini)

.rel.rodata
 *(.rel.rodata .rel.rodata.* .rel.gnu.linkonce.r.*)

.rela.rodata    0x80004194        0x0
 *(.rela.rodata .rela.rodata.* .rela.gnu.linkonce.r.*)
 .rela.rodata   0x00000000        0x0 /opt/devkitpro/devkitPPC/lib/gcc/powerpc-eabi/4.6.3/crtbegin.o
 .rela.rodata.CSWTCH.18
                0x00000000        0x0 /opt/devkitpro/devkitPPC/lib/gcc/powerpc-eabi/4.6.3/crtbegin.o
 .rela.rodata.dotab_fat
                0x00000000        0x0 /opt/devkitpro/devkitPPC/lib/gcc/powerpc-eabi/4.6.3/crtbegin.o

.rel.data
 *(.rel.data .rel.data.* .rel.gnu.linkonce.d.*)

.rela.data
 *(.rela.data .rela.data.* .rela.gnu.linkonce.d.*)

.rel.tdata
 *(.rel.tdata .rel.tdata.* .rel.gnu.linkonce.td.*)

.rela.tdata
 *(.rela.tdata .rela.tdata.* .rela.gnu.linkonce.td.*)

.rel.tbss
 *(.rel.tbss .rel.tbss.* .rel.gnu.linkonce.tb.*)

.rela.tbss
 *(.rela.tbss .rela.tbss.* .rela.gnu.linkonce.tb.*)

.rel.ctors
 *(.rel.ctors)

.rela.ctors
 *(.rela.ctors)

.rel.dtors
 *(.rel.dtors)

.rela.dtors
 *(.rela.dtors)

.rel.got
 *(.rel.got)

.rela.got
 *(.rela.got)

.rela.got1
 *(.rela.got1)

.rela.got2      0x80004194        0x0
 *(.rela.got2)
 .rela.got2     0x00000000        0x0 /opt/devkitpro/devkitPPC/lib/gcc/powerpc-eabi/4.6.3/crtbegin.o

.rel.sdata
 *(.rel.sdata .rel.sdata.* .rel.gnu.linkonce.s.*)

.rela.sdata
 *(.rela.sdata .rela.sdata.* .rela.gnu.linkonce.s.*)

.rel.sbss
 *(.rel.sbss .rel.sbss.* .rel.gnu.linkonce.sb.*)

.rela.sbss
 *(.rela.sbss .rela.sbss.* .rel.gnu.linkonce.sb.*)

.rel.sdata2
 *(.rel.sdata2 .rel.sdata2.* .rel.gnu.linkonce.s2.*)

.rela.sdata2
 *(.rela.sdata2 .rela.sdata2.* .rela.gnu.linkonce.s2.*)

.rel.sbss2
 *(.rel.sbss2 .rel.sbss2.* .rel.gnu.linkonce.sb2.*)

.rela.sbss2
 *(.rela.sbss2 .rela.sbss2.* .rela.gnu.linkonce.sb2.*)

.rel.bss
 *(.rel.bss .rel.bss.* .rel.gnu.linkonce.b.*)

.rela.bss
 *(.rela.bss .rela.bss.* .rela.gnu.linkonce.b.*)

.rel.plt
 *(.rel.plt)

.rela.plt
 *(.rela.plt)

.text           0x800041a0   0x11e360
 *(.text)
 .text          0x800041a0      0x168 /opt/devkitpro/devkitPPC/lib/gcc/powerpc-eabi/4.6.3/crtbegin.o
 .text          0x80004308       0x44 /opt/devkitpro/devkitPPC/lib/gcc/powerpc-eabi/4.6.3/../../../../powerpc-eabi/lib/crtmain.o
                0x8000430c                __crtmain
 .text          0x8000434c      0x170 /opt/devkitpro/libogc/lib/wii/libfreetype.a(ftinit.o)
                0x8000434c                FT_Add_Default_Modules
                0x800043c8                FT_Init_FreeType
                0x80004458                FT_Done_FreeType
 .text          0x800044bc    0x12f08 /opt/devkitpro/libogc/lib/wii/libfreetype.a(ftbase.o)
                0x800045ec                FT_Get_Advance
                0x80004730                FT_Get_Advances
                0x80004990                FT_RoundFix
                0x800049f0                FT_CeilFix
                0x80004a50                FT_FloorFix
                0x80004a9c                FT_Sqrt32
                0x80004e04                FT_MulDiv
                0x80004fe0                FT_MulDiv_No_Round
                0x8000516c                FT_MulFix
                0x800052bc                FT_DivFix
                0x8000540c                FT_Matrix_Multiply
                0x80005608                FT_Matrix_Invert
                0x80005778                FT_Matrix_Multiply_Scaled
                0x800059a4                FT_Vector_Transform_Scaled
                0x80005af0                FT_SqrtFixed
                0x80005bc8                ft_corner_orientation
                0x80005d8c                ft_corner_is_flat
                0x80005ee4                FT_GlyphLoader_New
                0x80005f6c                FT_GlyphLoader_Rewind
                0x80006008                FT_GlyphLoader_Reset
                0x80006158                FT_GlyphLoader_Done
                0x800062fc                FT_GlyphLoader_CreateExtra
                0x8000643c                FT_GlyphLoader_CheckPoints
                0x800067d8                FT_GlyphLoader_CheckSubGlyphs
                0x8000690c                FT_GlyphLoader_Prepare
                0x80006988                FT_GlyphLoader_Add
                0x80006b38                FT_GlyphLoader_CopyPoints
                0x80006d28                ft_service_list_lookup
                0x80006de8                ft_validator_init
                0x80006e54                ft_validator_run
                0x80006e7c                ft_validator_error
                0x80006ec0                FT_Stream_New
                0x800070c8                FT_Stream_Free
                0x8000728c                ft_glyphslot_free_bitmap
                0x8000736c                ft_glyphslot_set_bitmap
                0x800073b8                ft_glyphslot_alloc_bitmap
                0x800077b8                FT_New_GlyphSlot
                0x80007934                FT_Done_GlyphSlot
                0x80007a80                FT_Set_Transform
                0x80007f0c                FT_Load_Glyph
                0x800086d8                FT_Load_Char
                0x800091b4                FT_New_Face
                0x8000923c                FT_New_Memory_Face
                0x8000ab5c                FT_Open_Face
                0x8000b360                FT_Attach_File
                0x8000b3d8                FT_Attach_Stream
                0x8000b520                FT_Reference_Face
                0x8000b568                FT_Done_Face
                0x8000b694                FT_New_Size
                0x8000b880                FT_Done_Size
                0x8000b9f0                FT_Match_Size
                0x8000bc74                ft_synthesize_vertical_metrics
                0x8000bee4                FT_Select_Metrics
                0x8000c0ac                FT_Request_Metrics
                0x8000c65c                FT_Select_Size
                0x8000c760                FT_Request_Size
                0x8000c8e0                FT_Set_Char_Size
                0x8000c9fc                FT_Set_Pixel_Sizes
                0x8000cb10                FT_Get_Kerning
                0x8000cda8                FT_Get_Track_Kerning
                0x8000cec0                FT_Select_Charmap
                0x8000d008                FT_Set_Charmap
                0x8000d12c                FT_Get_Charmap_Index
                0x8000d2a8                FT_CMap_Done
                0x8000d504                FT_CMap_New
                0x8000d740                FT_Get_Char_Index
                0x8000d7dc                FT_Get_First_Char
                0x8000d8cc                FT_Get_Next_Char
                0x8000d9e8                FT_Face_GetCharVariantIndex
                0x8000dad4                FT_Face_GetCharVariantIsDefault
                0x8000db78                FT_Face_GetVariantSelectors
                0x8000dc1c                FT_Face_GetVariantsOfChar
                0x8000dcc8                FT_Face_GetCharsOfVariant
                0x8000dd74                FT_Get_Name_Index
                0x8000def4                FT_Get_Glyph_Name
                0x8000e0c4                FT_Get_Postscript_Name
                0x8000e238                FT_Get_Sfnt_Table
                0x8000e334                FT_Load_Sfnt_Table
                0x8000e44c                FT_Sfnt_Table_Info
                0x8000e564                FT_Get_CMap_Language_ID
                0x8000e684                FT_Get_CMap_Format
                0x8000e7a4                FT_Activate_Size
                0x8000e828                FT_Lookup_Renderer
                0x8000ed34                FT_Get_Renderer
                0x8000ed80                FT_Set_Renderer
                0x8000eef8                FT_Render_Glyph_Internal
                0x8000f09c                FT_Render_Glyph
                0x8000f258                FT_Add_Module
                0x8000f6dc                FT_Get_Module
                0x8000f7d0                FT_Get_Module_Interface
                0x8000f840                ft_module_get_service
                0x8000f9c0                FT_Remove_Module
                0x8000fafc                FT_Reference_Library
                0x8000fb40                FT_New_Library
                0x8000fc84                FT_Library_Version
                0x8000fd58                FT_Done_Library
                0x8000fff4                FT_Set_Debug_Hook
                0x80010064                FT_Get_TrueType_Engine_Type
                0x80010100                ft_stub_set_char_sizes
                0x80010218                ft_stub_set_pixel_sizes
                0x800102ec                FT_Get_SubGlyph_Info
                0x80010444                FT_Outline_Decompose
                0x80010c08                FT_Outline_New_Internal
                0x80010ddc                FT_Outline_New
                0x80010e54                FT_Outline_Check
                0x80010f90                FT_Outline_Copy
                0x8001116c                FT_Outline_Done_Internal
                0x8001129c                FT_Outline_Done
                0x80011304                FT_Outline_Get_CBox
                0x800114c8                FT_Outline_Translate
                0x80011598                FT_Outline_Reverse
                0x800117a8                FT_Outline_Render
                0x80011910                FT_Outline_Get_Bitmap
                0x800119dc                FT_Vector_Transform
                0x80011b08                FT_Outline_Transform
                0x80011bb8                FT_Outline_Embolden
                0x80011c04                FT_Outline_EmboldenXY
                0x80012034                FT_Outline_Get_Orientation
                0x800121e4                FT_Raccess_Get_HeaderInfo
                0x800125e8                FT_Raccess_Get_DataOffsets
                0x80012a0c                FT_Raccess_Guess
                0x8001377c                FT_Get_Sfnt_Name_Count
                0x800137dc                FT_Get_Sfnt_Name
                0x80013a88                FT_Stream_OpenMemory
                0x80013b10                FT_Stream_Close
                0x80013b78                FT_Stream_Seek
                0x80013c48                FT_Stream_Skip
                0x80013cb8                FT_Stream_Pos
                0x80013ce8                FT_Stream_Read
                0x80013d48                FT_Stream_ReadAt
                0x80013e88                FT_Stream_TryRead
                0x80013fd4                FT_Stream_ExtractFrame
                0x80014068                FT_Stream_ReleaseFrame
                0x80014104                FT_Stream_EnterFrame
                0x8001435c                FT_Stream_ExitFrame
                0x800143f8                FT_Stream_GetChar
                0x80014478                FT_Stream_GetUShort
                0x80014538                FT_Stream_GetUShortLE
                0x800145f8                FT_Stream_GetUOffset
                0x800146c0                FT_Stream_GetULong
                0x800147a4                FT_Stream_GetULongLE
                0x80014888                FT_Stream_ReadChar
                0x800149bc                FT_Stream_ReadUShort
                0x80014b58                FT_Stream_ReadUShortLE
                0x80014cf4                FT_Stream_ReadUOffset
                0x80014e98                FT_Stream_ReadULong
                0x80015058                FT_Stream_ReadULongLE
                0x80015218                FT_Stream_ReadFields
                0x80015fd0                FT_Cos
                0x80016034                FT_Sin
                0x80016080                FT_Tan
                0x800160f0                FT_Atan2
                0x80016174                FT_Vector_Unit
                0x80016210                FT_Vector_Rotate
                0x80016388                FT_Vector_Length
                0x80016484                FT_Vector_Polarize
                0x80016568                FT_Vector_From_Polar
                0x800165cc                FT_Angle_Diff
                0x80016688                ft_mem_alloc
                0x80016720                ft_mem_qalloc
                0x800167d8                ft_mem_realloc
                0x800168b4                ft_mem_qrealloc
                0x80016a3c                ft_mem_free
                0x80016a98                ft_mem_dup
                0x80016b44                ft_mem_strdup
                0x80016bc0                ft_mem_strcpyn
                0x80016c7c                FT_List_Find
                0x80016cf8                FT_List_Add
                0x80016d8c                FT_List_Insert
                0x80016e20                FT_List_Remove
                0x80016ec4                FT_List_Up
                0x80016fac                FT_List_Iterate
                0x80017058                FT_List_Finalize
                0x80017134                ft_highpow2
                0x8001718c                FT_Alloc
                0x800171f0                FT_QAlloc
                0x80017254                FT_Realloc
                0x800172d4                FT_QRealloc
                0x80017354                FT_Free
 .text          0x800173c4    0x1813c /opt/devkitpro/libogc/lib/wii/libfreetype.a(truetype.o)
                0x80020cbc                TT_New_Context
                0x80029ecc                TT_RunIns
 .text          0x8002f500     0xb8c0 /opt/devkitpro/libogc/lib/wii/libfreetype.a(type1.o)
 .text          0x8003adc0     0xdefc /opt/devkitpro/libogc/lib/wii/libfreetype.a(cff.o)
 .text          0x80048cbc     0x3e7c /opt/devkitpro/libogc/lib/wii/libfreetype.a(type1cid.o)
 .text          0x8004cb38     0x81a8 /opt/devkitpro/libogc/lib/wii/libfreetype.a(pfr.o)
 .text          0x80054ce0     0x44c4 /opt/devkitpro/libogc/lib/wii/libfreetype.a(type42.o)
 .text          0x800591a4     0x212c /opt/devkitpro/libogc/lib/wii/libfreetype.a(winfnt.o)
 .text          0x8005b2d0     0x3ffc /opt/devkitpro/libogc/lib/wii/libfreetype.a(pcf.o)
 .text          0x8005f2cc     0x8690 /opt/devkitpro/libogc/lib/wii/libfreetype.a(bdf.o)
 .text          0x8006795c    0x12a48 /opt/devkitpro/libogc/lib/wii/libfreetype.a(sfnt.o)
 .text          0x8007a3a4     0xd088 /opt/devkitpro/libogc/lib/wii/libfreetype.a(autofit.o)
                0x8007b3c8                af_glyph_hints_dump_points
                0x8007b3e8                af_glyph_hints_dump_segments
                0x8007b408                af_glyph_hints_get_num_segments
                0x8007b438                af_glyph_hints_get_segment_offset
                0x8007b46c                af_glyph_hints_dump_edges
 .text          0x8008742c     0x7f60 /opt/devkitpro/libogc/lib/wii/libfreetype.a(pshinter.o)
                0x8008ee6c                ps_hints_apply
 .text          0x8008f38c     0x6270 /opt/devkitpro/libogc/lib/wii/libfreetype.a(raster.o)
 .text          0x800955fc     0x42c8 /opt/devkitpro/libogc/lib/wii/libfreetype.a(smooth.o)
 .text          0x800998c4     0x71c8 /opt/devkitpro/libogc/lib/wii/libfreetype.a(ftgzip.o)
                0x800a07e4                FT_Stream_OpenGzip
 .text          0x800a0a8c     0x19a8 /opt/devkitpro/libogc/lib/wii/libfreetype.a(ftlzw.o)
                0x800a12b0                FT_Stream_OpenLZW
                0x800a1ae4                ft_lzwstate_reset
                0x800a1b84                ft_lzwstate_init
                0x800a1c58                ft_lzwstate_done
                0x800a1d38                ft_lzwstate_io
 .text          0x800a2434     0x8468 /opt/devkitpro/libogc/lib/wii/libfreetype.a(psaux.o)
 .text          0x800aa89c     0x10fc /opt/devkitpro/libogc/lib/wii/libfreetype.a(psnames.o)
 .text          0x800ab998      0x460 /opt/devkitpro/libogc/lib/wii/libfreetype.a(ftsystem.o)
                0x800abbac                FT_Stream_Open
                0x800abd24                FT_New_Memory
                0x800abdc0                FT_Done_Memory
 *fill*         0x800abdf8        0x8 00000000
 .text          0x800abe00      0x44c /opt/devkitpro/libogc/lib/wii/libogc.a(lwp_handler.o)
                0x800abe00                _cpu_context_save_fp
                0x800abf40                _cpu_context_restore_fp
                0x800ac080                _cpu_context_switch
                0x800ac160                _cpu_context_save
                0x800ac1e0                _cpu_context_restore
 .text          0x800ac24c      0x4f4 /opt/devkitpro/libogc/lib/wii/libogc.a(cache_asm.o)
                0x800ac24c                DCFlashInvalidate
                0x800ac260                DCEnable
                0x800ac274                DCDisable
                0x800ac288                DCFreeze
                0x800ac29c                DCUnfreeze
                0x800ac2b0                DCTouchLoad
                0x800ac2b8                DCBlockZero
                0x800ac2c0                DCBlockStore
                0x800ac2c8                DCBlockFlush
                0x800ac2d0                DCBlockInvalidate
                0x800ac2d8                DCInvalidateRange
                0x800ac308                DCFlushRange
                0x800ac33c                DCStoreRange
                0x800ac370                DCFlushRangeNoSync
                0x800ac3a0                DCStoreRangeNoSync
                0x800ac3d0                DCZeroRange
                0x800ac400                DCTouchRange
                0x800ac430                ICInvalidateRange
                0x800ac468                ICFlashInvalidate
                0x800ac47c                ICEnable
                0x800ac490                ICDisable
                0x800ac4a4                ICFreeze
                0x800ac4b8                ICUnfreeze
                0x800ac4cc                ICBlockInvalidate
                0x800ac4d4                ICSync
                0x800ac4dc                L2Init
                0x800ac524                L2Enable
                0x800ac540                L2Disable
                0x800ac558                L2GlobalInvalidate
                0x800ac5b0                __LCEnable
                0x800ac67c                LCDisable
                0x800ac6a4                LCAllocOneTag
                0x800ac6b8                LCAllocTags
                0x800ac6f8                LCLoadBlocks
                0x800ac71c                LCStoreBlocks
 .text          0x800ac740      0x4a0 /opt/devkitpro/libogc/lib/wii/libogc.a(system_asm.o)
                0x800ac740                __realmode
                0x800ac758                __configBATS
                0x800ac888                __InitFPRS
                0x800ac9b4                __InitPS
                0x800aca10                __InitCache
                0x800aca68                __InitSystem
                0x800acaf0                __flush_cache
                0x800acb24                __reset
                0x800acb94                __InitBATS
                0x800acbb0                SYS_SwitchFiber
 .text          0x800acbe0      0x8dc /opt/devkitpro/libogc/lib/wii/libogc.a(gu_psasm.o)
                0x800acbe0                ps_guMtxConcat
                0x800acca4                ps_guMtxIdentity
                0x800accd0                ps_guMtxCopy
                0x800acd04                ps_guMtxTranspose
                0x800acd54                ps_guMtxInverse
                0x800ace4c                ps_guMtxInvXpose
                0x800acf14                ps_guMtxScale
                0x800acf3c                ps_guMtxScaleApply
                0x800acf94                ps_guMtxApplyScale
                0x800acff8                ps_guMtxTrans
                0x800ad02c                ps_guMtxTransApply
                0x800ad078                ps_guMtxApplyTrans
                0x800ad0f4                ps_guMtxRotTrig
                0x800ad1a4                __ps_guMtxRotAxisRadInternal
                0x800ad264                ps_guMtxReflect
                0x800ad2d4                ps_guVecAdd
                0x800ad2f8                ps_guVecSub
                0x800ad31c                ps_guVecScale
                0x800ad338                ps_guVecNormalize
                0x800ad37c                ps_guVecCross
                0x800ad3b8                ps_guVecDotProduct
                0x800ad3d8                ps_guVecMultiply
                0x800ad42c                ps_guVecMultiplySR
                0x800ad49c                ps_guQuatDotProduct
 .text          0x800ad4bc      0x1ac /opt/devkitpro/libogc/lib/wii/libogc.a(irq_handler.o)
                0x800ad4bc                irq_exceptionhandler
 .text          0x800ad668      0x1ac /opt/devkitpro/libogc/lib/wii/libogc.a(decrementer_handler.o)
                0x800ad668                dec_exceptionhandler
 .text          0x800ad814      0x35c /opt/devkitpro/libogc/lib/wii/libogc.a(exception_handler.o)
                0x800ad814                exceptionhandler_start
                0x800ad890                exceptionhandler_patch
                0x800ad8c4                exceptionhandler_end
                0x800ad8c8                default_exceptionhandler
                0x800ad9f8                fpu_exceptionhandler
                0x800adb40                systemcallhandler_start
                0x800adb6c                systemcallhandler_end
 .text          0x800adb70       0x40 /opt/devkitpro/devkitPPC/lib/gcc/powerpc-eabi/4.6.3/libgcc.a(_ashldi3.o)
                0x800adb70                __ashldi3
 .text          0x800adbb0      0x448 /opt/devkitpro/devkitPPC/lib/gcc/powerpc-eabi/4.6.3/libgcc.a(_divdi3.o)
                0x800adbb0                __divdi3
 .text          0x800adff8      0x400 /opt/devkitpro/devkitPPC/lib/gcc/powerpc-eabi/4.6.3/libgcc.a(_udivdi3.o)
                0x800adff8                __udivdi3
 .text          0x800ae3f8      0x3d4 /opt/devkitpro/devkitPPC/lib/gcc/powerpc-eabi/4.6.3/libgcc.a(_umoddi3.o)
                0x800ae3f8                __umoddi3
 .text          0x800ae7cc       0x48 /opt/devkitpro/devkitPPC/lib/gcc/powerpc-eabi/4.6.3/libgcc.a(eabi.o)
                0x800ae7cc                __eabi
 .text          0x800ae814       0x4c /opt/devkitpro/devkitPPC/lib/gcc/powerpc-eabi/4.6.3/libgcc.a(crtsavfpr.o)
                0x800ae814                _savefpr_14
                0x800ae818                _savefpr_15
                0x800ae81c                _savefpr_16
                0x800ae820                _savefpr_17
                0x800ae824                _savefpr_18
                0x800ae828                _savefpr_19
                0x800ae82c                _savefpr_20
                0x800ae830                _savefpr_21
                0x800ae834                _savefpr_22
                0x800ae838                _savefpr_23
                0x800ae83c                _savefpr_24
                0x800ae840                _savefpr_25
                0x800ae844                _savefpr_26
                0x800ae848                _savefpr_27
                0x800ae84c                _savefpr_28
                0x800ae850                _savefpr_29
                0x800ae854                _savefpr_30
                0x800ae858                _savefpr_31
 .text          0x800ae860       0x4c /opt/devkitpro/devkitPPC/lib/gcc/powerpc-eabi/4.6.3/libgcc.a(crtsavgpr.o)
                0x800ae860                _savegpr_14
                0x800ae864                _savegpr_15
                0x800ae868                _savegpr_16
                0x800ae86c                _savegpr_17
                0x800ae870                _savegpr_18
                0x800ae874                _savegpr_19
                0x800ae878                _savegpr_20
                0x800ae87c                _savegpr_21
                0x800ae880                _savegpr_22
                0x800ae884                _savegpr_23
                0x800ae888                _savegpr_24
                0x800ae88c                _savegpr_25
                0x800ae890                _savegpr_26
                0x800ae894                _savegpr_27
                0x800ae898                _savegpr_28
                0x800ae89c                _savegpr_29
                0x800ae8a0                _savegpr_30
                0x800ae8a4                _savegpr_31
 .text          0x800ae8ac       0x4c /opt/devkitpro/devkitPPC/lib/gcc/powerpc-eabi/4.6.3/libgcc.a(crtresgpr.o)
                0x800ae8ac                _restgpr_14
                0x800ae8b0                _restgpr_15
                0x800ae8b4                _restgpr_16
                0x800ae8b8                _restgpr_17
                0x800ae8bc                _restgpr_18
                0x800ae8c0                _restgpr_19
                0x800ae8c4                _restgpr_20
                0x800ae8c8                _restgpr_21
                0x800ae8cc                _restgpr_22
                0x800ae8d0                _restgpr_23
                0x800ae8d4                _restgpr_24
                0x800ae8d8                _restgpr_25
                0x800ae8dc                _restgpr_26
                0x800ae8e0                _restgpr_27
                0x800ae8e4                _restgpr_28
                0x800ae8e8                _restgpr_29
                0x800ae8ec                _restgpr_30
                0x800ae8f0                _restgpr_31
 .text          0x800ae8f8       0x58 /opt/devkitpro/devkitPPC/lib/gcc/powerpc-eabi/4.6.3/libgcc.a(crtresxfpr.o)
                0x800ae8f8                _restfpr_14_x
                0x800ae8fc                _restfpr_15_x
                0x800ae900                _restfpr_16_x
                0x800ae904                _restfpr_17_x
                0x800ae908                _restfpr_18_x
                0x800ae90c                _restfpr_19_x
                0x800ae910                _restfpr_20_x
                0x800ae914                _restfpr_21_x
                0x800ae918                _restfpr_22_x
                0x800ae91c                _restfpr_23_x
                0x800ae920                _restfpr_24_x
                0x800ae924                _restfpr_25_x
                0x800ae928                _restfpr_26_x
                0x800ae92c                _restfpr_27_x
                0x800ae930                _restfpr_28_x
                0x800ae934                _restfpr_29_x
                0x800ae938                _restfpr_30_x
                0x800ae93c                _restfpr_31_x
 .text          0x800ae950       0x58 /opt/devkitpro/devkitPPC/lib/gcc/powerpc-eabi/4.6.3/libgcc.a(crtresxgpr.o)
                0x800ae950                _restgpr_14_x
                0x800ae954                _restgpr_15_x
                0x800ae958                _restgpr_16_x
                0x800ae95c                _restgpr_17_x
                0x800ae960                _restgpr_18_x
                0x800ae964                _restgpr_19_x
                0x800ae968                _restgpr_20_x
                0x800ae96c                _restgpr_21_x
                0x800ae970                _restgpr_22_x
                0x800ae974                _restgpr_23_x
                0x800ae978                _restgpr_24_x
                0x800ae97c                _restgpr_25_x
                0x800ae980                _restgpr_26_x
                0x800ae984                _restgpr_27_x
                0x800ae988                _restgpr_28_x
                0x800ae98c                _restgpr_29_x
                0x800ae990                _restgpr_30_x
                0x800ae994                _restgpr_31_x
 .text          0x800ae9a8       0x28 /opt/devkitpro/devkitPPC/lib/gcc/powerpc-eabi/4.6.3/../../../../powerpc-eabi/lib/libsysbase.a(abort.o)
                0x800ae9a8                abort
 .text          0x800ae9d0      0x2ec /opt/devkitpro/devkitPPC/lib/gcc/powerpc-eabi/4.6.3/../../../../powerpc-eabi/lib/libsysbase.a(iosupport.o)
                0x800ae9d0                setDefaultDevice
                0x800ae9e8                FindDevice
                0x800aeb0c                RemoveDevice
                0x800aeb5c                AddDevice
                0x800aec78                GetDeviceOpTab
 .text          0x800aecbc       0x28 /opt/devkitpro/devkitPPC/lib/gcc/powerpc-eabi/4.6.3/../../../../powerpc-eabi/lib/libsysbase.a(_exit.o)
                0x800aecbc                _exit
 .text          0x800aece4      0x4cc /opt/devkitpro/devkitPPC/lib/gcc/powerpc-eabi/4.6.3/../../../../powerpc-eabi/lib/libsysbase.a(chdir.o)
                0x800aece4                _concatenate_path
                0x800aef34                chdir
                0x800af0cc                getcwd
 .text          0x800af1b0       0x90 /opt/devkitpro/devkitPPC/lib/gcc/powerpc-eabi/4.6.3/../../../../powerpc-eabi/lib/libsysbase.a(build_argv.o)
                0x800af1b0                build_argv
 .text          0x800af240      0x168 /opt/devkitpro/devkitPPC/lib/gcc/powerpc-eabi/4.6.3/../../../../powerpc-eabi/lib/libsysbase.a(syscall_support.o)
                0x800af240                __libc_lock_init
                0x800af280                __libc_lock_close
                0x800af2c0                __libc_lock_release
                0x800af300                __libc_lock_acquire
                0x800af340                __malloc_lock
                0x800af374                __malloc_unlock
 .text          0x800af3a8      0x180 /opt/devkitpro/devkitPPC/lib/gcc/powerpc-eabi/4.6.3/../../../../powerpc-eabi/lib/libc.a(lib_a-setjmp.o)
                0x800af3a8                setjmp
                0x800af464                longjmp
 .text          0x800af528       0x98 /opt/devkitpro/devkitPPC/lib/gcc/powerpc-eabi/4.6.3/../../../../powerpc-eabi/lib/libsysbase.a(close.o)
                0x800af528                _close_r
 .text          0x800af5c0       0xc8 /opt/devkitpro/devkitPPC/lib/gcc/powerpc-eabi/4.6.3/../../../../powerpc-eabi/lib/libsysbase.a(fstat.o)
                0x800af5c0                _fstat_r
 .text          0x800af688        0x8 /opt/devkitpro/devkitPPC/lib/gcc/powerpc-eabi/4.6.3/../../../../powerpc-eabi/lib/libsysbase.a(isatty.o)
                0x800af688                _isatty_r
 .text          0x800af690       0xcc /opt/devkitpro/devkitPPC/lib/gcc/powerpc-eabi/4.6.3/../../../../powerpc-eabi/lib/libsysbase.a(lseek.o)
                0x800af690                _lseek_r
 .text          0x800af75c      0x14c /opt/devkitpro/devkitPPC/lib/gcc/powerpc-eabi/4.6.3/../../../../powerpc-eabi/lib/libsysbase.a(open.o)
                0x800af75c                _open_r
 .text          0x800af8a8       0xac /opt/devkitpro/devkitPPC/lib/gcc/powerpc-eabi/4.6.3/../../../../powerpc-eabi/lib/libsysbase.a(read.o)
                0x800af8a8                _read_r
 .text          0x800af954       0x50 /opt/devkitpro/devkitPPC/lib/gcc/powerpc-eabi/4.6.3/../../../../powerpc-eabi/lib/libsysbase.a(sbrk.o)
                0x800af954                _sbrk_r
 .text          0x800af9a4       0xac /opt/devkitpro/devkitPPC/lib/gcc/powerpc-eabi/4.6.3/../../../../powerpc-eabi/lib/libsysbase.a(write.o)
                0x800af9a4                _write_r
 .text          0x800afa50       0x6c /opt/devkitpro/devkitPPC/lib/gcc/powerpc-eabi/4.6.3/../../../../powerpc-eabi/lib/libsysbase.a(flock.o)
                0x800afa50                __flockfile
                0x800afa98                __funlockfile
 .text          0x800afabc      0x174 /opt/devkitpro/devkitPPC/lib/gcc/powerpc-eabi/4.6.3/../../../../powerpc-eabi/lib/libsysbase.a(handle_manager.o)
                0x800afabc                __release_handle
                0x800afb18                __alloc_handle
                0x800afc0c                __get_handle
 .text          0x800afc30       0x6c /opt/devkitpro/devkitPPC/lib/gcc/powerpc-eabi/4.6.3/crtend.o
 *(.text.*)
 .text.startup.main
                0x800afc9c      0x3b4 main.o
                0x800afc9c                main
 .text.GRRLIB_SetBackgroundColour
                0x800b0050       0x44 /opt/devkitpro/libogc/lib/wii/libgrrlib.a(GRRLIB_3D.o)
                0x800b0050                GRRLIB_SetBackgroundColour
 .text.GRRLIB_Camera3dSettings
                0x800b0094       0x44 /opt/devkitpro/libogc/lib/wii/libgrrlib.a(GRRLIB_3D.o)
                0x800b0094                GRRLIB_Camera3dSettings
 .text.GRRLIB_3dMode
                0x800b00d8      0x254 /opt/devkitpro/libogc/lib/wii/libgrrlib.a(GRRLIB_3D.o)
                0x800b00d8                GRRLIB_3dMode
 .text.GRRLIB_2dMode
                0x800b032c      0x1f8 /opt/devkitpro/libogc/lib/wii/libgrrlib.a(GRRLIB_3D.o)
                0x800b032c                GRRLIB_2dMode
 .text.GRRLIB_ObjectView
                0x800b0524      0x21c /opt/devkitpro/libogc/lib/wii/libgrrlib.a(GRRLIB_3D.o)
                0x800b0524                GRRLIB_ObjectView
 .text.GRRLIB_InitTileSet
                0x800b0740       0xc8 /opt/devkitpro/libogc/lib/wii/libgrrlib.a(GRRLIB_bmf.o)
                0x800b0740                GRRLIB_InitTileSet
 .text.GRRLIB_ClipReset
                0x800b0808       0x40 /opt/devkitpro/libogc/lib/wii/libgrrlib.a(GRRLIB_core.o)
                0x800b0808                GRRLIB_ClipReset
 .text.GRRLIB_Rectangle
                0x800b0848      0x148 /opt/devkitpro/libogc/lib/wii/libgrrlib.a(GRRLIB_core.o)
                0x800b0848                GRRLIB_Rectangle
 .text.GRRLIB_FillScreen
                0x800b0990       0x78 /opt/devkitpro/libogc/lib/wii/libgrrlib.a(GRRLIB_core.o)
                0x800b0990                GRRLIB_FillScreen
 .text.GRRLIB_Exit
                0x800b0a08      0x10c /opt/devkitpro/libogc/lib/wii/libgrrlib.a(GRRLIB_core.o)
                0x800b0a08                GRRLIB_Exit
 .text.GRRLIB_Init
                0x800b0b14      0x508 /opt/devkitpro/libogc/lib/wii/libgrrlib.a(GRRLIB_core.o)
                0x800b0b14                GRRLIB_Init
 .text.GRRLIB_Printf
                0x800b101c      0x18c /opt/devkitpro/libogc/lib/wii/libgrrlib.a(GRRLIB_print.o)
                0x800b101c                GRRLIB_Printf
 .text.GRRLIB_DrawTile
                0x800b11a8      0x480 /opt/devkitpro/libogc/lib/wii/libgrrlib.a(GRRLIB_render.o)
                0x800b11a8                GRRLIB_DrawTile
 .text.GRRLIB_Render
                0x800b1628       0xa8 /opt/devkitpro/libogc/lib/wii/libgrrlib.a(GRRLIB_render.o)
                0x800b1628                GRRLIB_Render
 .text.GRRLIB_CreatePalette
                0x800b16d0       0x7c /opt/devkitpro/libogc/lib/wii/libgrrlib.a(GRRLIB_texEdit.o)
 .text.GRRLIB_LoadTexturePNG
                0x800b174c      0x140 /opt/devkitpro/libogc/lib/wii/libgrrlib.a(GRRLIB_texEdit.o)
                0x800b174c                GRRLIB_LoadTexturePNG
 .text.GRRLIB_LoadTextureBMP
                0x800b188c      0x728 /opt/devkitpro/libogc/lib/wii/libgrrlib.a(GRRLIB_texEdit.o)
                0x800b188c                GRRLIB_LoadTextureBMP
 .text.GRRLIB_LoadTextureJPGEx
                0x800b1fb4      0x308 /opt/devkitpro/libogc/lib/wii/libgrrlib.a(GRRLIB_texEdit.o)
                0x800b1fb4                GRRLIB_LoadTextureJPGEx
 .text.GRRLIB_LoadTextureJPG
                0x800b22bc       0x60 /opt/devkitpro/libogc/lib/wii/libgrrlib.a(GRRLIB_texEdit.o)
                0x800b22bc                GRRLIB_LoadTextureJPG
 .text.GRRLIB_LoadTexture
                0x800b231c       0x4c /opt/devkitpro/libogc/lib/wii/libgrrlib.a(GRRLIB_texEdit.o)
                0x800b231c                GRRLIB_LoadTexture
 .text.GRRLIB_InitTTF
                0x800b2368       0x34 /opt/devkitpro/libogc/lib/wii/libgrrlib.a(GRRLIB_ttf.o)
                0x800b2368                GRRLIB_InitTTF
 .text.GRRLIB_ExitTTF
                0x800b239c       0x28 /opt/devkitpro/libogc/lib/wii/libgrrlib.a(GRRLIB_ttf.o)
                0x800b239c                GRRLIB_ExitTTF
 .text.pngu_read_data_from_buffer
                0x800b23c4       0x68 /opt/devkitpro/libogc/lib/wii/libpngu.a(pngu.o)
                0x800b23c4                pngu_read_data_from_buffer
 .text.PNGU_SelectImageFromBuffer
                0x800b242c       0x60 /opt/devkitpro/libogc/lib/wii/libpngu.a(pngu.o)
                0x800b242c                PNGU_SelectImageFromBuffer
 .text.pngu_info
                0x800b248c      0x504 /opt/devkitpro/libogc/lib/wii/libpngu.a(pngu.o)
                0x800b248c                pngu_info
 .text.PNGU_GetImageProperties
                0x800b2990       0xa0 /opt/devkitpro/libogc/lib/wii/libpngu.a(pngu.o)
                0x800b2990                PNGU_GetImageProperties
 .text.pngu_free_info
                0x800b2a30       0x64 /opt/devkitpro/libogc/lib/wii/libpngu.a(pngu.o)
                0x800b2a30                pngu_free_info
 .text.pngu_decode
                0x800b2a94      0x1fc /opt/devkitpro/libogc/lib/wii/libpngu.a(pngu.o)
                0x800b2a94                pngu_decode
 .text.PNGU_DecodeTo4x4RGBA8
                0x800b2c90      0x3b8 /opt/devkitpro/libogc/lib/wii/libpngu.a(pngu.o)
                0x800b2c90                PNGU_DecodeTo4x4RGBA8
 .text.PNGU_ReleaseImageContext
                0x800b3048       0x68 /opt/devkitpro/libogc/lib/wii/libpngu.a(pngu.o)
                0x800b3048                PNGU_ReleaseImageContext
 .text.png_build_16bit_table
                0x800b30b0      0x248 /opt/devkitpro/libogc/lib/wii/libpng.a(png.o)
 .text.png_set_sig_bytes
                0x800b32f8       0x4c /opt/devkitpro/libogc/lib/wii/libpng.a(png.o)
                0x800b32f8                png_set_sig_bytes
 .text.png_sig_cmp
                0x800b3344       0x84 /opt/devkitpro/libogc/lib/wii/libpng.a(png.o)
                0x800b3344                png_sig_cmp
 .text.png_zalloc
                0x800b33c8       0x6c /opt/devkitpro/libogc/lib/wii/libpng.a(png.o)
                0x800b33c8                png_zalloc
 .text.png_zfree
                0x800b3434       0x20 /opt/devkitpro/libogc/lib/wii/libpng.a(png.o)
                0x800b3434                png_zfree
 .text.png_reset_crc
                0x800b3454       0x3c /opt/devkitpro/libogc/lib/wii/libpng.a(png.o)
                0x800b3454                png_reset_crc
 .text.png_calculate_crc
                0x800b3490       0x74 /opt/devkitpro/libogc/lib/wii/libpng.a(png.o)
                0x800b3490                png_calculate_crc
 .text.png_user_version_check
                0x800b3504      0x110 /opt/devkitpro/libogc/lib/wii/libpng.a(png.o)
                0x800b3504                png_user_version_check
 .text.png_info_init_3
                0x800b3614       0x5c /opt/devkitpro/libogc/lib/wii/libpng.a(png.o)
                0x800b3614                png_info_init_3
 .text.png_create_info_struct
                0x800b3670       0x60 /opt/devkitpro/libogc/lib/wii/libpng.a(png.o)
                0x800b3670                png_create_info_struct
 .text.png_free_data
                0x800b36d0      0x50c /opt/devkitpro/libogc/lib/wii/libpng.a(png.o)
                0x800b36d0                png_free_data
 .text.png_info_destroy
                0x800b3bdc       0x68 /opt/devkitpro/libogc/lib/wii/libpng.a(png.o)
                0x800b3bdc                png_info_destroy
 .text.png_get_io_ptr
                0x800b3c44       0x14 /opt/devkitpro/libogc/lib/wii/libpng.a(png.o)
                0x800b3c44                png_get_io_ptr
 .text.png_init_io
                0x800b3c58       0x10 /opt/devkitpro/libogc/lib/wii/libpng.a(png.o)
                0x800b3c58                png_init_io
 .text.png_handle_as_unknown
                0x800b3c68       0xc0 /opt/devkitpro/libogc/lib/wii/libpng.a(png.o)
                0x800b3c68                png_handle_as_unknown
 .text.png_chunk_unknown_handling
                0x800b3d28       0x4c /opt/devkitpro/libogc/lib/wii/libpng.a(png.o)
                0x800b3d28                png_chunk_unknown_handling
 .text.png_check_IHDR
                0x800b3d74      0x330 /opt/devkitpro/libogc/lib/wii/libpng.a(png.o)
                0x800b3d74                png_check_IHDR
 .text.png_check_fp_number
                0x800b40a4      0x1a8 /opt/devkitpro/libogc/lib/wii/libpng.a(png.o)
                0x800b40a4                png_check_fp_number
 .text.png_check_fp_string
                0x800b424c       0x74 /opt/devkitpro/libogc/lib/wii/libpng.a(png.o)
                0x800b424c                png_check_fp_string
 .text.png_muldiv
                0x800b42c0      0x100 /opt/devkitpro/libogc/lib/wii/libpng.a(png.o)
                0x800b42c0                png_muldiv
 .text.png_reciprocal
                0x800b43c0       0xa4 /opt/devkitpro/libogc/lib/wii/libpng.a(png.o)
                0x800b43c0                png_reciprocal
 .text.png_XYZ_from_xy
                0x800b4464      0x3e8 /opt/devkitpro/libogc/lib/wii/libpng.a(png.o)
                0x800b4464                png_XYZ_from_xy
 .text.png_XYZ_from_xy_checked
                0x800b484c       0xa8 /opt/devkitpro/libogc/lib/wii/libpng.a(png.o)
                0x800b484c                png_XYZ_from_xy_checked
 .text.png_reciprocal2
                0x800b48f4       0xbc /opt/devkitpro/libogc/lib/wii/libpng.a(png.o)
                0x800b48f4                png_reciprocal2
 .text.png_64bit_product
                0x800b49b0       0x4c /opt/devkitpro/libogc/lib/wii/libpng.a(png.o)
                0x800b49b0                png_64bit_product
 .text.png_check_cHRM_fixed
                0x800b49fc      0x238 /opt/devkitpro/libogc/lib/wii/libpng.a(png.o)
                0x800b49fc                png_check_cHRM_fixed
 .text.png_gamma_8bit_correct
                0x800b4c34       0xc4 /opt/devkitpro/libogc/lib/wii/libpng.a(png.o)
                0x800b4c34                png_gamma_8bit_correct
 .text.png_build_8bit_table
                0x800b4cf8       0xa4 /opt/devkitpro/libogc/lib/wii/libpng.a(png.o)
 .text.png_gamma_16bit_correct
                0x800b4d9c       0xc4 /opt/devkitpro/libogc/lib/wii/libpng.a(png.o)
                0x800b4d9c                png_gamma_16bit_correct
 .text.png_gamma_correct
                0x800b4e60       0x44 /opt/devkitpro/libogc/lib/wii/libpng.a(png.o)
                0x800b4e60                png_gamma_correct
 .text.png_gamma_significant
                0x800b4ea4       0x18 /opt/devkitpro/libogc/lib/wii/libpng.a(png.o)
                0x800b4ea4                png_gamma_significant
 .text.png_destroy_gamma_table
                0x800b4ebc      0x164 /opt/devkitpro/libogc/lib/wii/libpng.a(png.o)
                0x800b4ebc                png_destroy_gamma_table
 .text.png_build_gamma_table
                0x800b5020      0x51c /opt/devkitpro/libogc/lib/wii/libpng.a(png.o)
                0x800b5020                png_build_gamma_table
 .text.png_format_buffer.isra.0
                0x800b553c      0x100 /opt/devkitpro/libogc/lib/wii/libpng.a(pngerror.o)
 .text.png_safecat
                0x800b563c       0x7c /opt/devkitpro/libogc/lib/wii/libpng.a(pngerror.o)
                0x800b563c                png_safecat
 .text.png_format_number
                0x800b56b8      0x19c /opt/devkitpro/libogc/lib/wii/libpng.a(pngerror.o)
                0x800b56b8                png_format_number
 .text.png_warning
                0x800b5854       0xc4 /opt/devkitpro/libogc/lib/wii/libpng.a(pngerror.o)
                0x800b5854                png_warning
 .text.png_warning_parameter
                0x800b5918       0x24 /opt/devkitpro/libogc/lib/wii/libpng.a(pngerror.o)
                0x800b5918                png_warning_parameter
 .text.png_warning_parameter_unsigned
                0x800b593c       0x50 /opt/devkitpro/libogc/lib/wii/libpng.a(pngerror.o)
                0x800b593c                png_warning_parameter_unsigned
 .text.png_warning_parameter_signed
                0x800b598c       0xb0 /opt/devkitpro/libogc/lib/wii/libpng.a(pngerror.o)
                0x800b598c                png_warning_parameter_signed
 .text.png_formatted_warning
                0x800b5a3c      0x130 /opt/devkitpro/libogc/lib/wii/libpng.a(pngerror.o)
                0x800b5a3c                png_formatted_warning
 .text.png_chunk_warning
                0x800b5b6c       0x48 /opt/devkitpro/libogc/lib/wii/libpng.a(pngerror.o)
                0x800b5b6c                png_chunk_warning
 .text.png_set_longjmp_fn
                0x800b5bb4       0x20 /opt/devkitpro/libogc/lib/wii/libpng.a(pngerror.o)
                0x800b5bb4                png_set_longjmp_fn
 .text.png_longjmp
                0x800b5bd4       0x2c /opt/devkitpro/libogc/lib/wii/libpng.a(pngerror.o)
                0x800b5bd4                png_longjmp
 .text.png_error
                0x800b5c00       0x88 /opt/devkitpro/libogc/lib/wii/libpng.a(pngerror.o)
                0x800b5c00                png_error
 .text.png_chunk_error
                0x800b5c88       0x34 /opt/devkitpro/libogc/lib/wii/libpng.a(pngerror.o)
                0x800b5c88                png_chunk_error
 .text.png_chunk_benign_error
                0x800b5cbc       0x2c /opt/devkitpro/libogc/lib/wii/libpng.a(pngerror.o)
                0x800b5cbc                png_chunk_benign_error
 .text.png_benign_error
                0x800b5ce8       0x2c /opt/devkitpro/libogc/lib/wii/libpng.a(pngerror.o)
                0x800b5ce8                png_benign_error
 .text.png_set_error_fn
                0x800b5d14       0x18 /opt/devkitpro/libogc/lib/wii/libpng.a(pngerror.o)
                0x800b5d14                png_set_error_fn
 .text.png_get_rowbytes
                0x800b5d2c       0x1c /opt/devkitpro/libogc/lib/wii/libpng.a(pngget.o)
                0x800b5d2c                png_get_rowbytes
 .text.png_get_bKGD
                0x800b5d48       0x38 /opt/devkitpro/libogc/lib/wii/libpng.a(pngget.o)
                0x800b5d48                png_get_bKGD
 .text.png_get_IHDR
                0x800b5d80       0xd0 /opt/devkitpro/libogc/lib/wii/libpng.a(pngget.o)
                0x800b5d80                png_get_IHDR
 .text.png_get_tRNS
                0x800b5e50       0x98 /opt/devkitpro/libogc/lib/wii/libpng.a(pngget.o)
                0x800b5e50                png_get_tRNS
 .text.png_create_struct_2
                0x800b5ee8       0x9c /opt/devkitpro/libogc/lib/wii/libpng.a(pngmem.o)
                0x800b5ee8                png_create_struct_2
 .text.png_create_struct
                0x800b5f84        0xc /opt/devkitpro/libogc/lib/wii/libpng.a(pngmem.o)
                0x800b5f84                png_create_struct
 .text.png_destroy_struct_2
                0x800b5f90       0x58 /opt/devkitpro/libogc/lib/wii/libpng.a(pngmem.o)
                0x800b5f90                png_destroy_struct_2
 .text.png_destroy_struct
                0x800b5fe8        0xc /opt/devkitpro/libogc/lib/wii/libpng.a(pngmem.o)
                0x800b5fe8                png_destroy_struct
 .text.png_malloc_default
                0x800b5ff4       0x38 /opt/devkitpro/libogc/lib/wii/libpng.a(pngmem.o)
                0x800b5ff4                png_malloc_default
 .text.png_malloc
                0x800b602c       0x8c /opt/devkitpro/libogc/lib/wii/libpng.a(pngmem.o)
                0x800b602c                png_malloc
 .text.png_calloc
                0x800b60b8       0x4c /opt/devkitpro/libogc/lib/wii/libpng.a(pngmem.o)
                0x800b60b8                png_calloc
 .text.png_free_default
                0x800b6104       0x34 /opt/devkitpro/libogc/lib/wii/libpng.a(pngmem.o)
                0x800b6104                png_free_default
 .text.png_free
                0x800b6138       0x50 /opt/devkitpro/libogc/lib/wii/libpng.a(pngmem.o)
                0x800b6138                png_free
 .text.png_malloc_warn
                0x800b6188       0x54 /opt/devkitpro/libogc/lib/wii/libpng.a(pngmem.o)
                0x800b6188                png_malloc_warn
 .text.png_set_mem_fn
                0x800b61dc       0x18 /opt/devkitpro/libogc/lib/wii/libpng.a(pngmem.o)
                0x800b61dc                png_set_mem_fn
 .text.png_create_read_struct_2
                0x800b61f4      0x2b4 /opt/devkitpro/libogc/lib/wii/libpng.a(pngread.o)
                0x800b61f4                png_create_read_struct_2
 .text.png_create_read_struct
                0x800b64a8       0x10 /opt/devkitpro/libogc/lib/wii/libpng.a(pngread.o)
                0x800b64a8                png_create_read_struct
 .text.png_read_info
                0x800b64b8      0x4b0 /opt/devkitpro/libogc/lib/wii/libpng.a(pngread.o)
                0x800b64b8                png_read_info
 .text.png_read_update_info
                0x800b6968       0x40 /opt/devkitpro/libogc/lib/wii/libpng.a(pngread.o)
                0x800b6968                png_read_update_info
 .text.png_start_read_image
                0x800b69a8       0x28 /opt/devkitpro/libogc/lib/wii/libpng.a(pngread.o)
                0x800b69a8                png_start_read_image
 .text.png_read_row
                0x800b69d0      0x510 /opt/devkitpro/libogc/lib/wii/libpng.a(pngread.o)
                0x800b69d0                png_read_row
 .text.png_read_image
                0x800b6ee0      0x114 /opt/devkitpro/libogc/lib/wii/libpng.a(pngread.o)
                0x800b6ee0                png_read_image
 .text.png_read_destroy
                0x800b6ff4      0x18c /opt/devkitpro/libogc/lib/wii/libpng.a(pngread.o)
                0x800b6ff4                png_read_destroy
 .text.png_destroy_read_struct
                0x800b7180      0x130 /opt/devkitpro/libogc/lib/wii/libpng.a(pngread.o)
                0x800b7180                png_destroy_read_struct
 .text.png_default_read_data
                0x800b72b0       0x60 /opt/devkitpro/libogc/lib/wii/libpng.a(pngrio.o)
                0x800b72b0                png_default_read_data
 .text.png_read_data
                0x800b7310       0x3c /opt/devkitpro/libogc/lib/wii/libpng.a(pngrio.o)
                0x800b7310                png_read_data
 .text.png_set_read_fn
                0x800b734c       0x74 /opt/devkitpro/libogc/lib/wii/libpng.a(pngrio.o)
                0x800b734c                png_set_read_fn
 .text.png_set_strip_16
                0x800b73c0       0x18 /opt/devkitpro/libogc/lib/wii/libpng.a(pngrtran.o)
                0x800b73c0                png_set_strip_16
 .text.png_set_strip_alpha
                0x800b73d8       0x18 /opt/devkitpro/libogc/lib/wii/libpng.a(pngrtran.o)
                0x800b73d8                png_set_strip_alpha
 .text.png_set_gray_to_rgb
                0x800b73f0       0x24 /opt/devkitpro/libogc/lib/wii/libpng.a(pngrtran.o)
                0x800b73f0                png_set_gray_to_rgb
 .text.png_init_read_transformations
                0x800b7414      0xcbc /opt/devkitpro/libogc/lib/wii/libpng.a(pngrtran.o)
                0x800b7414                png_init_read_transformations
 .text.png_read_transform_info
                0x800b80d0      0x2fc /opt/devkitpro/libogc/lib/wii/libpng.a(pngrtran.o)
                0x800b80d0                png_read_transform_info
 .text.png_do_unpack
                0x800b83cc      0x1ac /opt/devkitpro/libogc/lib/wii/libpng.a(pngrtran.o)
                0x800b83cc                png_do_unpack
 .text.png_do_unshift
                0x800b8578      0x22c /opt/devkitpro/libogc/lib/wii/libpng.a(pngrtran.o)
                0x800b8578                png_do_unshift
 .text.png_do_scale_16_to_8
                0x800b87a4       0x78 /opt/devkitpro/libogc/lib/wii/libpng.a(pngrtran.o)
                0x800b87a4                png_do_scale_16_to_8
 .text.png_do_chop
                0x800b881c       0x58 /opt/devkitpro/libogc/lib/wii/libpng.a(pngrtran.o)
                0x800b881c                png_do_chop
 .text.png_do_read_swap_alpha
                0x800b8874      0x130 /opt/devkitpro/libogc/lib/wii/libpng.a(pngrtran.o)
                0x800b8874                png_do_read_swap_alpha
 .text.png_do_read_invert_alpha
                0x800b89a4       0xfc /opt/devkitpro/libogc/lib/wii/libpng.a(pngrtran.o)
                0x800b89a4                png_do_read_invert_alpha
 .text.png_do_read_filler
                0x800b8aa0      0x354 /opt/devkitpro/libogc/lib/wii/libpng.a(pngrtran.o)
                0x800b8aa0                png_do_read_filler
 .text.png_do_gray_to_rgb
                0x800b8df4      0x218 /opt/devkitpro/libogc/lib/wii/libpng.a(pngrtran.o)
                0x800b8df4                png_do_gray_to_rgb
 .text.png_do_rgb_to_gray
                0x800b900c      0x4b0 /opt/devkitpro/libogc/lib/wii/libpng.a(pngrtran.o)
                0x800b900c                png_do_rgb_to_gray
 .text.png_do_compose
                0x800b94bc      0xff4 /opt/devkitpro/libogc/lib/wii/libpng.a(pngrtran.o)
                0x800b94bc                png_do_compose
 .text.png_do_gamma
                0x800ba4b0      0x460 /opt/devkitpro/libogc/lib/wii/libpng.a(pngrtran.o)
                0x800ba4b0                png_do_gamma
 .text.png_do_encode_alpha
                0x800ba910      0x120 /opt/devkitpro/libogc/lib/wii/libpng.a(pngrtran.o)
                0x800ba910                png_do_encode_alpha
 .text.png_do_expand_palette
                0x800baa30      0x2cc /opt/devkitpro/libogc/lib/wii/libpng.a(pngrtran.o)
                0x800baa30                png_do_expand_palette
 .text.png_do_expand
                0x800bacfc      0x5a4 /opt/devkitpro/libogc/lib/wii/libpng.a(pngrtran.o)
                0x800bacfc                png_do_expand
 .text.png_do_expand_16
                0x800bb2a0       0x6c /opt/devkitpro/libogc/lib/wii/libpng.a(pngrtran.o)
                0x800bb2a0                png_do_expand_16
 .text.png_do_quantize
                0x800bb30c      0x144 /opt/devkitpro/libogc/lib/wii/libpng.a(pngrtran.o)
                0x800bb30c                png_do_quantize
 .text.png_do_read_transformations
                0x800bb450      0x5b0 /opt/devkitpro/libogc/lib/wii/libpng.a(pngrtran.o)
                0x800bb450                png_do_read_transformations
 .text.png_do_read_intrapixel
                0x800bba00      0x100 /opt/devkitpro/libogc/lib/wii/libpng.a(pngrtran.o)
                0x800bba00                png_do_read_intrapixel
 .text.png_read_filter_row_sub
                0x800bbb00       0x64 /opt/devkitpro/libogc/lib/wii/libpng.a(pngrutil.o)
 .text.png_read_filter_row_up
                0x800bbb64       0x30 /opt/devkitpro/libogc/lib/wii/libpng.a(pngrutil.o)
 .text.png_read_filter_row_avg
                0x800bbb94       0x8c /opt/devkitpro/libogc/lib/wii/libpng.a(pngrutil.o)
 .text.png_read_filter_row_paeth_1byte_pixel
                0x800bbc20       0x9c /opt/devkitpro/libogc/lib/wii/libpng.a(pngrutil.o)
 .text.png_read_filter_row_paeth_multibyte_pixel
                0x800bbcbc       0xf0 /opt/devkitpro/libogc/lib/wii/libpng.a(pngrutil.o)
 .text.png_inflate
                0x800bbdac      0x18c /opt/devkitpro/libogc/lib/wii/libpng.a(pngrutil.o)
 .text.png_get_fixed_point.constprop.2
                0x800bbf38       0x34 /opt/devkitpro/libogc/lib/wii/libpng.a(pngrutil.o)
 .text.png_get_uint_31
                0x800bbf6c       0x58 /opt/devkitpro/libogc/lib/wii/libpng.a(pngrutil.o)
                0x800bbf6c                png_get_uint_31
 .text.png_read_sig
                0x800bbfc4      0x104 /opt/devkitpro/libogc/lib/wii/libpng.a(pngrutil.o)
                0x800bbfc4                png_read_sig
 .text.png_crc_read
                0x800bc0c8       0x58 /opt/devkitpro/libogc/lib/wii/libpng.a(pngrutil.o)
                0x800bc0c8                png_crc_read
 .text.png_crc_error
                0x800bc120       0xd0 /opt/devkitpro/libogc/lib/wii/libpng.a(pngrutil.o)
                0x800bc120                png_crc_error
 .text.png_crc_finish
                0x800bc1f0      0x110 /opt/devkitpro/libogc/lib/wii/libpng.a(pngrutil.o)
                0x800bc1f0                png_crc_finish
 .text.png_decompress_chunk
                0x800bc300      0x21c /opt/devkitpro/libogc/lib/wii/libpng.a(pngrutil.o)
                0x800bc300                png_decompress_chunk
 .text.png_handle_IHDR
                0x800bc51c      0x1ac /opt/devkitpro/libogc/lib/wii/libpng.a(pngrutil.o)
                0x800bc51c                png_handle_IHDR
 .text.png_handle_PLTE
                0x800bc6c8      0x240 /opt/devkitpro/libogc/lib/wii/libpng.a(pngrutil.o)
                0x800bc6c8                png_handle_PLTE
 .text.png_handle_IEND
                0x800bc908       0x70 /opt/devkitpro/libogc/lib/wii/libpng.a(pngrutil.o)
                0x800bc908                png_handle_IEND
 .text.png_handle_gAMA
                0x800bc978      0x1c8 /opt/devkitpro/libogc/lib/wii/libpng.a(pngrutil.o)
                0x800bc978                png_handle_gAMA
 .text.png_handle_sBIT
                0x800bcb40      0x1cc /opt/devkitpro/libogc/lib/wii/libpng.a(pngrutil.o)
                0x800bcb40                png_handle_sBIT
 .text.png_handle_cHRM